reserved.frm
bar001.frm
bar002.frm
bar003.frm
bar004.frm
bar005.frm
bar006.frm
bar007.frm
bar008.frm
bar009.frm
bar010.frm
bar011.frm
bar012.frm
bar013.frm
bar014.frm
bar015.frm
bar016.frm
bar017.frm
bar018.frm
bar019.frm
bar020.frm
block.frm
block2.frm
block3.frm
ca001.frm
ca002.frm
ca003.frm
ca004.frm
ca005.frm
ca006.frm
ca007.frm
ca008.frm
ca009.frm
ca010.frm
ca011.frm
ca012.frm
ca013.frm
ca014.frm
ca015.frm
ca016.frm
ca017.frm
ca018.frm
ca019.frm
ca020.frm
ca021.frm
ca022.frm
ca023.frm
ca024.frm
ca025.frm
ca026.frm
ca027.frm
ca028.frm
ca029.frm
ca030.frm
ca032.frm
ca033.frm
ca034.frm
ca036.frm
ca037.frm
ca038.frm
ca039.frm
ca040.frm
ca041.frm
ca042.frm
ca043.frm
ca044.frm
ca045.frm
ca046.frm
ca047.frm
ca048.frm
ca049.frm
ca050.frm
ca051.frm
ca052.frm
ca053.frm
ca054.frm
ca055.frm
ca056.frm
ca057.frm
ca058.frm
ca059.frm
ca060.frm
ca061.frm
ca062.frm
ca063.frm
ca064.frm
ca065.frm
ca066.frm
ca067.frm
ca068.frm
ca069.frm
ca070.frm
ca071.frm
ca072.frm
ca073.frm
ca074.frm
ca075.frm
ca076.frm
ca077.frm
ca078.frm
ca079.frm
ca080.frm
cargt001.frm
cargt002.frm
cargt003.frm
cargt004.frm
cargt005.frm
cargt006.frm
cargt007.frm
cargt008.frm
cargt009.frm
cargt010.frm
cargt011.frm
cargt012.frm
cargt013.frm
cargt014.frm
cargt015.frm
cargt016.frm
cargt017.frm
cargt018.frm
cargt019.frm
cargt020.frm
cargt021.frm
cargt022.frm
cargt023.frm
cargt024.frm
cargt025.frm
cargt026.frm
cargt027.frm
cargt028.frm
cargt029.frm
cargt030.frm
cargt031.frm
cargt032.frm
cargt033.frm
cargt034.frm
cargt035.frm
cargt036.frm
cargt037.frm
carw001.frm
carw002.frm
carw003.frm
carw004.frm
carw005.frm
carw006.frm
carw007.frm
carw008.frm
carw009.frm
carw010.frm
carw011.frm
carw012.frm
carw013.frm
carw014.frm
carw015.frm
carw016.frm
carw017.frm
carw018.frm
carw019.frm
carw020.frm
carw021.frm
carw022.frm
carw023.frm
carw024.frm
carw025.frm
carw026.frm
carw027.frm
carw028.frm
carw029.frm
carw030.frm
carw031.frm
carw032.frm
carw033.frm
carw034.frm
carw035.frm
carw036.frm
carw037.frm
carw038.frm
carw039.frm
carw040.frm
carw041.frm
carw042.frm
carw043.frm
carw044.frm
carw045.frm
carw046.frm
carw047.frm
carw048.frm
carw049.frm
carw050.frm
carw051.frm
carw052.frm
carw053.frm
carw054.frm
carw055.frm
carw056.frm
carw057.frm
carw058.frm
carw059.frm
carw060.frm
carw061.frm
carw062.frm
carw063.frm
carw064.frm
carw065.frm
carw066.frm
carw067.frm
carw068.frm
carw069.frm
carw070.frm
carw071.frm
carw072.frm
carw073.frm
carw074.frm
carw075.frm
carw076.frm
carw077.frm
carw078.frm
cni1000.frm
cni2000.frm
cni2001.frm
cni2002.frm
cni2003.frm
cni2004.frm
cni2005.frm
cni2006.frm
cni2007.frm
cni2008.frm
cni2009.frm
cni2010.frm
cni2011.frm
cni2012.frm
cni2013.frm
cni2014.frm
cni2015.frm
cni2016.frm
cni2017.frm
cni2018.frm
cni2019.frm
cni2020.frm
cni2021.frm
cni2022.frm
cni2023.frm
cni2024.frm
cnx1000.frm
cnx1001.frm
cnx1002.frm
cnx1003.frm
cnx1004.frm
cnx2000.frm
corn000.frm
corn001.frm
corn002.frm
corx000.frm
dorfrm1.frm
dorfrm2.frm
dorfrm3.frm
dorfrm4.frm
dv1000.frm
dv1001.frm
dv1002.frm
dv1003.frm
dv1004.frm
dv1005.frm
dv1006.frm
dv1007.frm
dv1008.frm
dv1009.frm
dv1010.frm
dv1011.frm
dv1012.frm
dv1013.frm
dv1014.frm
dv1015.frm
dv1016.frm
dv1017.frm
dv1018.frm
dv1019.frm
dv1020.frm
dv1021.frm
dv1022.frm
dv1023.frm
dv1024.frm
dv1025.frm
dv1026.frm
dv1027.frm
dv1028.frm
dv1029.frm
dv1030.frm
dv1031.frm
dv1032.frm
dv1033.frm
dv1034.frm
dv1035.frm
dv1036.frm
dv1037.frm
dv1038.frm
dv1039.frm
dv1040.frm
dv1041.frm
dv1042.frm
dv1043.frm
dv1044.frm
dv1045.frm
dv1046.frm
dv1047.frm
dv1048.frm
dv1049.frm
dv1050.frm
dv1051.frm
dv1052.frm
dv1053.frm
dv1054.frm
dv1055.frm
dv1056.frm
dv1057.frm
dv1058.frm
dv1059.frm
dv1060.frm
dv1061.frm
fen1000.frm
fen2000.frm
fen2001.frm
fen3000.frm
fen3001.frm
fen4000.frm
fen5000.frm
fen5001.frm
fen6000.frm
fen7000.frm
fen7001.frm
fen8000.frm
fen9000.frm
fen9001.frm
fence00.frm
fence01.frm
fence02.frm
fence03.frm
fence04.frm
fence05.frm
fence06.frm
fence07.frm
fence08.frm
fence09.frm
fence10.frm
fence11.frm
fence12.frm
fence13.frm
fence14.frm
fence15.frm
fence16.frm
fence17.frm
fence18.frm
fence19.frm
fence20.frm
fence21.frm
fence22.frm
fence23.frm
fnc1000.frm
fns1000.frm
fns1001.frm
fns1002.frm
fns2000.frm
fns2001.frm
gizw000.frm
gizw001.frm
gizw002.frm
gizw003.frm
gizw004.frm
gizw005.frm
inside1.frm
inside2.frm
inside3.frm
inside4.frm
jad1000.frm
jad1001.frm
jas1000.frm
jas1001.frm
jas2000.frm
jas2001.frm
jas2002.frm
jas2003.frm
jaw1000.frm
jaw1001.frm
jaw1002.frm
jbs1000.frm
jbs1001.frm
jbs1002.frm
jbs2000.frm
jbs2001.frm
jbs2002.frm
jbs2003.frm
jcd1000.frm
jcd1001.frm
jcd1002.frm
jcd1003.frm
jcs1000.frm
jcs1001.frm
jcs2000.frm
jcs2001.frm
jcs3000.frm
jcs3001.frm
jcs3002.frm
jcs3003.frm
jcw1000.frm
jcw1001.frm
jcw1002.frm
jcw1003.frm
jdd1000.frm
jdd1001.frm
jdd1002.frm
jdd1003.frm
jdd1004.frm
jdd1005.frm
jds1000.frm
jds1001.frm
jds2000.frm
jds2001.frm
jds3000.frm
jds3001.frm
jds3002.frm
jds3003.frm
nec001.frm
nec002.frm
nec003.frm
nec004.frm
nec006.frm
nec008.frm
nec009.frm
nec010.frm
nec011.frm
nec012.frm
nec013.frm
nec014.frm
nec015.frm
nec016.frm
nec017.frm
nec018.frm
nec019.frm
nec020.frm
nec021.frm
nec022.frm
nec023.frm
nec024.frm
nec025.frm
nec026.frm
nec027.frm
nec028.frm
nec029.frm
nec030.frm
nec031.frm
nec032.frm
nec033.frm
nec034.frm
nec035.frm
nec036.frm
nec037.frm
nec038.frm
nec039.frm
nec040.frm
nec041.frm
nec042.frm
nec043.frm
nec044.frm
nec045.frm
nec046.frm
nec047.frm
nec048.frm
nec050.frm
nec051.frm
nec052.frm
nec053.frm
nec054.frm
nec055.frm
nec056.frm
nec057.frm
nec058.frm
nec059.frm
nec060.frm
nec061.frm
nec062.frm
nec063.frm
nec064.frm
nec065.frm
nec066.frm
nec067.frm
nec068.frm
nec070.frm
nec071.frm
nec072.frm
nec073.frm
nec074.frm
nec075.frm
nec076.frm
nec077.frm
nec078.frm
nec079.frm
nec080.frm
nec081.frm
nec082.frm
nec083.frm
nec084.frm
nec085.frm
nec086.frm
nec087.frm
nec088.frm
nec089.frm
nec090.frm
nec091.frm
nec092.frm
nec093.frm
nec094.frm
nec095.frm
nec096.frm
nec097.frm
nec098.frm
nec099.frm
nec100.frm
nec101.frm
nec102.frm
nec103.frm
nec104.frm
nec105.frm
nec106.frm
nec107.frm
nec108.frm
nec109.frm
nec110.frm
nec111.frm
nec112.frm
nec113.frm
nec114.frm
nec115.frm
nec116.frm
nec117.frm
nec118.frm
nec119.frm
nec120.frm
nec121.frm
nec122.frm
nec123.frm
nec124.frm
nec125.frm
nec126.frm
nec127.frm
nec128.frm
nec129.frm
nec130.frm
nec131.frm
nec132.frm
nec133.frm
nec134.frm
nec135.frm
nec136.frm
nec137.frm
nec138.frm
nec139.frm
nec140.frm
nec141.frm
nec142.frm
nec143.frm
nec144.frm
nec145.frm
nec146.frm
nec147.frm
nec148.frm
nec149.frm
nec150.frm
nec151.frm
nec152.frm
nec153.frm
nec154.frm
nec155.frm
nec156.frm
nec157.frm
nec158.frm
nec159.frm
nec160.frm
nec161.frm
nec162.frm
nec163.frm
pac1000.frm
pac2000.frm
pac4000.frm
paf1000.frm
paf2000.frm
paf3000.frm
pap0000.frm
pap1000.frm
pap2000.frm
pap3000.frm
pap4000.frm
pap5000.frm
pap6000.frm
pap7000.frm
pap8000.frm
pap9000.frm
pbc1000.frm
pbc2000.frm
pbc3000.frm
pbc4000.frm
pbm1000.frm
pbm2000.frm
pbm3000.frm
pbp1000.frm
pbp2000.frm
pbp3000.frm
pbp4000.frm
pbp5000.frm
pbp6000.frm
pbp7000.frm
rl01000.frm
rl02000.frm
rl03000.frm
rl04000.frm
rl05000.frm
rl06000.frm
rl07000.frm
rl08000.frm
rl09000.frm
rl10000.frm
rl11000.frm
rl12000.frm
rl13000.frm
scwall1.frm
scwall2.frm
st01000.frm
st02000.frm
st03000.frm
st04000.frm
st05000.frm
st06000.frm
st07000.frm
st08000.frm
st09000.frm
st10000.frm
st11000.frm
st12000.frm
st13000.frm
st14000.frm
st15000.frm
st16000.frm
st17000.frm
st18000.frm
st19000.frm
st20000.frm
st21000.frm
st22000.frm
st23000.frm
st24000.frm
st25000.frm
st26000.frm
st27000.frm
st28000.frm
st29000.frm
st30000.frm
st31000.frm
st32000.frm
st33000.frm
st34000.frm
st35000.frm
st36000.frm
st37000.frm
st38000.frm
st39000.frm
st40000.frm
st41000.frm
stab01.frm
stab02.frm
stab03.frm
stab04.frm
stab05.frm
stab06.frm
stab07.frm
stab08.frm
stab09.frm
stab10.frm
stab11.frm
stab12.frm
stab13.frm
stab14.frm
stab15.frm
stat000.frm
stat001.frm
stat002.frm
stat003.frm
stat004.frm
stat005.frm
stat006.frm
stat007.frm
stat008.frm
stat009.frm
stat010.frm
stat011.frm
stat012.frm
stat013.frm
stat014.frm
stat014.frm
stay000.frm
stay001.frm
stay002.frm
stay003.frm
stay004.frm
stay005.frm
stay006.frm
stay007.frm
stay008.frm
stay009.frm
stay010.frm
stay011.frm
stay011.frm
stay012.frm
stay012.frm
stay013.frm
stay013.frm
stay014.frm
stay015.frm
stb001.frm
stb002.frm
stb003.frm
stb004.frm
stb005.frm
stb006.frm
stb007.frm
stb008.frm
stb009.frm
stb010.frm
stb011.frm
stb012.frm
stb013.frm
stb014.frm
stb015.frm
stb016.frm
stb017.frm
stb018.frm
stb019.frm
stb020.frm
stb021.frm
stb022.frm
stb023.frm
stb024.frm
stb025.frm
stb026.frm
stb027.frm
stb028.frm
stb029.frm
stb030.frm
stb031.frm
stb032.frm
stb033.frm
stb034.frm
stb035.frm
stb036.frm
stb037.frm
stb038.frm
stb039.frm
stb040.frm
stb041.frm
steldo10.frm
steldor1.frm
steldor2.frm
steldor3.frm
steldor4.frm
steldor5.frm
steldor6.frm
steldor7.frm
steldor8.frm
steldor9.frm
stop000.frm
stop001.frm
stop002.frm
stop003.frm
va1000.frm
va2000.frm
va2001.frm
va5000.frm
va5001.frm
va6000.frm
va6001.frm
va7000.frm
va7001.frm
vaw1000.frm
vaw1001.frm
vaw1002.frm
vaw1003.frm
vaw1004.frm
vaw1005.frm
vb1000.frm
vb1001.frm
vb3000.frm
vb3001.frm
vb4000.frm
vb4001.frm
vb4003.frm
vb5000.frm
vb5001.frm
vcn1000.frm
vcn1001.frm
vcn1002.frm
vcn2000.frm
vcn2001.frm
vcn2002.frm
vcn2003.frm
vcn3000.frm
vcn4000.frm
vcn6000.frm
vd1000.frm
vd1001.frm
vd1002.frm
vd2000.frm
vd2001.frm
vd2002.frm
vd5000.frm
vd5001.frm
vd5002.frm
vd6000.frm
vd6001.frm
ve1000.frm
ve2000.frm
ve3000.frm
ve4000.frm
vt1000.frm
vt2000.frm
vt3000.frm
vt4000.frm
vtx000.frm
vx1000.frm
cath01.frm
cath02.frm
cath03.frm
cath04.frm
cath05.frm
cath06.frm
cath07.frm
cath08.frm
cath09.frm
cath10.frm
cath11.frm
cath12.frm
cath13.frm
cath14.frm
cath15.frm
cath16.frm
cath17.frm
cath18.frm
cath19.frm
nec164.frm
nec165.frm
nec166.frm
nec167.frm
adb0989.frm
adb0990.frm
adb0991.frm
adb0992.frm
adb0993.frm
adb0994.frm
adb0995.frm
adb0996.frm
adb0997.frm
adb0998.frm
adb0999.frm
adb1000.frm
adb1001.frm
adb1002.frm
adb1003.frm
adb1004.frm
adb1005.frm
adb1006.frm
adb1007.frm
adb1008.frm
adb1009.frm
adb1010.frm
adb1011.frm
adb1012.frm
adb1013.frm
adb1014.frm
adb1015.frm
adb1016.frm
adb1017.frm
adb1018.frm
adb1019.frm
adb1020.frm
adb1021.frm
adb1022.frm
adb1023.frm
adb1024.frm
adb1025.frm
adb1026.frm
adb1027.frm
adb1028.frm
adb1029.frm
adb1030.frm
adb1031.frm
adb1032.frm
adb1033.frm
adb1034.frm
adb1035.frm
adb1036.frm
adb1037.frm
adb2000.frm
adb2001.frm
adb2002.frm
adb2003.frm
adb2004.frm
adb2005.frm
adb2006.frm
adb2007.frm
adb2008.frm
adb2009.frm
adb2010.frm
adb2011.frm
adb2012.frm
adb2013.frm
adb2014.frm
adb2015.frm
adb2016.frm
adb2017.frm
adb2018.frm
adb2019.frm
adb2020.frm
adb2021.frm
adb2022.frm
adb2023.frm
adb2024.frm
adb2025.frm
adb2026.frm
adb2027.frm
adb2028.frm
adb2029.frm
adb2030.frm
adb2031.frm
adb2032.frm
adb2033.frm
adb2034.frm
adb2035.frm
adb2036.frm
adb2037.frm
adb2038.frm
adb2039.frm
adb2040.frm
adb2041.frm
adb2042.frm
adb2043.frm
adb2044.frm
adb2045.frm
adb2046.frm
adb2047.frm
adb2048.frm
adb2049.frm
adb2050.frm
adb2051.frm
adb2052.frm
adb2053.frm
adb2054.frm
adb2055.frm
adb2056.frm
adb2057.frm
adb2058.frm
adb2059.frm
awl1000.frm
awl1001.frm
awl1002.frm
awl1003.frm
awl2000.frm
awl2001.frm
awl2002.frm
ybk1000.frm
ybk1001.frm
ybk1002.frm
ybk1003.frm
ybk1004.frm
ybk1005.frm
ybk1006.frm
ybk1007.frm
ybk1008.frm
ybk1009.frm
ybk1010.frm
ylf1000.frm
ylf1001.frm
ylf1002.frm
ylf1003.frm
ylf1004.frm
ylf1005.frm
ylf1006.frm
ylf1007.frm
ylf1008.frm
ylf1009.frm
ylf1010.frm
ylf1011.frm
ylf1012.frm
ylf1013.frm
yrt1003.frm
yrt1004.frm
yrt1005.frm
yrt1009.frm
yrt1011.frm
yrt1012.frm
ybk1011.frm
ybk1012.frm
tfenc00.frm
tfenc01.frm
tfenc02.frm
tfenc03.frm
tfenc04.frm
tfenc05.frm
tfenc06.frm
tfenc07.frm
tfenc08.frm
tfenc09.frm
tfenc10.frm
tfenc11.frm
tfenc12.frm
tfenc13.frm
tfenc14.frm
tfenc15.frm
tfenc16.frm
tfenc17.frm
tfenc18.frm
tfenc19.frm
poptr00.frm
poptr01.frm
poptr02.frm
poptr03.frm
poptr04.frm
poptr05.frm
poptr06.frm
poptr07.frm
poptr08.frm
poptr09.frm
poptr10.frm
ca016b.frm
mmb1000.frm
mmb1001.frm
mmb1002.frm
mmb1003.frm
mmb1004.frm
mmb1005.frm
mmb1006.frm
mmb1007.frm
mmb1008.frm
mmb1009.frm
mmb1010.frm
mmb1011.frm
mmb1012.frm
mmb1013.frm
mmb1014.frm
mmb1015.frm
mmb1016.frm
mmb1017.frm
mmb1018.frm
mmb1019.frm
mmb1020.frm
mmb1021.frm
mmb1022.frm
mmb1023.frm
mmb1024.frm
mmb1025.frm
mmb1032.frm
mmb1033.frm
mmb1034.frm
mmb1036.frm
mmb1037.frm
mmb1038.frm
mmb1039.frm
mmb1040.frm
mmb1041.frm
mmb1042.frm
mmb1043.frm
mmb1044.frm
mmb1045.frm
mmb1046.frm
mmb1047.frm
mmb1048.frm
mmb1049.frm
mmb1050.frm
mmb1051.frm
velvdr01.frm
velvdr02.frm
velvdr03.frm
velvdr04.frm
velvdr05.frm
velvdr06.frm
mbw0994.frm
mbw0995.frm
mbw0996.frm
mbw0997.frm
mbw0998.frm
mbw0999.frm
mbw1000.frm
mbw1001.frm
mbw1002.frm
mbw1003.frm
mbw1004.frm
mbw1005.frm
mbw1006.frm
mbw1007.frm
mbw1008.frm
mbw1009.frm
mbw1010.frm
mbw1011.frm
mbw1012.frm
mbw1013.frm
mbw1014.frm
mbw1015.frm
mbw1016.frm
mbw1017.frm
mbw1019.frm
mbw1020.frm
mbw1021.frm
mbw1022.frm
mbw1023.frm
mbw1024.frm
mbw1025.frm
mbw1026.frm
mbw1027.frm
mbw1028.frm
mbw1029.frm
mbw1030.frm
mbw1031.frm
mbw1032.frm
mbw1033.frm
mbw1034.frm
mbw1035.frm
mbw1036.frm
cath20.frm
cath21.frm
cath22.frm
cath23.frm
cath24.frm
cath25.frm
adw1000.frm
adw1001.frm
adw1002.frm
adw1003.frm
adw1004.frm
adw1005.frm
adw1006.frm
adw1007.frm
adw1008.frm
adw1009.frm
adw1010.frm
adw1011.frm
adw1012.frm
adw1013.frm
adw1014.frm
adw1015.frm
adw1016.frm
adw1017.frm
adw1018.frm
adw1019.frm
adw1020.frm
adw1021.frm
adw1022.frm
adw1023.frm
adw1024.frm
adw1025.frm
adw1026.frm
adw1027.frm
ware001.frm
ware002.frm
ware003.frm
ware004.frm
ware005.frm
ware006.frm
ware007.frm
ware008.frm
ware009.frm
ware010.frm
ware011.frm
ware012.frm
ware013.frm
ware014.frm
ware015.frm
ware016.frm
ware017.frm
ware018.frm
ware019.frm
ware020.frm
ffgen01.frm
ffgen02.frm
ffgen03.frm
ffgen04.frm
dv1062.frm
dv1063.frm
dv1064.frm
dv1065.frm
dv1066.frm
btnk001.frm
btnk002.frm
btnk003.frm
btnk004.frm
btnk005.frm
btnk006.frm
btnk007.frm
btnk008.frm
btnk009.frm
btnk010.frm
mbw2000.frm
mbw2001.frm
mbw2002.frm
mbw2003.frm
jbs3001.frm
jbs3002.frm
necrn01.frm
necrn02.frm
necrn03.frm
necrn04.frm
necrn05.frm
necrn06.frm
necrn07.frm
necrn08.frm
scwall3.frm
scwall4.frm
necrn09.frm
necrn10.frm
necrn11.frm
necrn12.frm
glowelvb.frm
glowelvr.frm
glowelvy.frm
yar1001.frm
yar1002.frm
yar1003.frm
yar1004.frm
yar1005.frm
yar1006.frm
yar1007.frm
yar1008.frm
yar1009.frm
yar1010.frm
yar1011.frm
yar1012.frm
yar2001.frm
yar2002.frm
yar2003.frm
yar2004.frm
yar2005.frm
yar2006.frm
yar2007.frm
yar2008.frm
yar2009.frm
yar2010.frm
yar2011.frm
yar2012.frm
arail00.frm
arail01.frm
arail02.frm
arail03.frm
arail04.frm
arail05.frm
arail06.frm
arail07.frm
arail08.frm
arail09.frm
arail10.frm
arail11.frm
arail12.frm
arail13.frm
arail14.frm
arail15.frm
arail16.frm
arail17.frm
arail18.frm
arail19.frm
arail20.frm
arail21.frm
arail22.frm
arail23.frm
arail24.frm
arail25.frm
acavewl1.frm
acavewl2.frm
acavcol1.frm
necrn13.frm
necrn14.frm
necrn15.frm
necrn16.frm
necrn17.frm
necrn18.frm
necrn19.frm
necrn20.frm
nec168.frm
nec169.frm
nec170.frm
nec171.frm
CA081.FRM
CA082.FRM
CA083.FRM
CA084.FRM
CA085.FRM
CA086.FRM
CA087.FRM
CA088.FRM
CA089.FRM
CA090.FRM
CA091.FRM
MINEDOR1.FRM
MINEDOR2.FRM
MINEDOR3.FRM
MINEDOR4.FRM
oildrwy1.frm
oildrwy2.frm
dorwygk1.frm
dorwygk2.frm
dorwygk3.frm
dorwygk4.frm
black01.frm
black02.frm
black03.frm
black04.frm
black05.frm
black06.frm
black07.frm
FEN9002.FRM
FEN9003.FRM
FEN9004.FRM
FEN9005.FRM
fen9006.frm
fen9007.frm
FEN9008.FRM
FEN9009.FRM
FEN9010.FRM
FEN9011.FRM
FEN9012.FRM
FEN9013.FRM
vgat001.frm
vgat002.frm
vgat003.frm
vgat004.frm
vgat005.frm
vgat006.frm
vgat007.frm
vgat008.frm
vgat009.frm
vgat010.frm
vgat011.frm
vgat012.frm
vgat013.frm
vgat014.frm
vgat001.frm
vgat002.frm
vgat003.frm
vgat004.frm
vgat005.frm
vgat006.frm
vgat007.frm
vgat008.frm
vgat009.frm
vgat010.frm
vgat011.frm
vgat012.frm
vgat013.frm
vgat014.frm
VWLA000.FRM
VWLA001.FRM
VWLA002.FRM
VWLA003.FRM
VWLA004.FRM
VWLA005.FRM
VWLA006.FRM
VWLA007.FRM
VWLA008.FRM
VWLA009.FRM
VWLA010.FRM
VWLA011.FRM
VWLA012.FRM
VWLA013.FRM
VWLA014.FRM
VWLA015.FRM
VWLA016.FRM
VWLA017.FRM
VWLA018.FRM
VWLA019.FRM
VWLA020.FRM
VWLB000.FRM
VWLB001.FRM
VWLB002.FRM
VWLB003.FRM
VWLB004.FRM
VWLB005.FRM
VWLB006.FRM
VWLB007.FRM
VWLB008.FRM
VWLB009.FRM
VWLB010.FRM
VWLB011.FRM
VWLB012.FRM
VWLB013.FRM
VWLB014.FRM
VWLB015.FRM
VWLB016.FRM
VWLC000.FRM
VWLC001.FRM
VWLC002.FRM
VWLC003.FRM
VWLC004.FRM
VWLC005.FRM
VWLC006.FRM
VWLC007.FRM
VWLC008.FRM
VWLC009.FRM
sadA000.frm
sadA001.frm
sadA002.frm
sadA003.frm
sadA004.frm
sadA005.frm
sadA006.frm
sadA007.frm
sadA008.frm
sadA009.frm
sadA010.frm
sadA011.frm
sadA012.frm
sadA013.frm
sadA014.frm
sadA015.frm
sadA016.frm
sadA017.frm
sadA018.frm
sadA019.frm
sadB000.frm
sadB001.frm
sadB002.frm
sadB003.frm
sadB004.frm
sadB005.frm
sadB006.frm
sadB007.frm
sadB008.frm
sadB009.frm
sadB010.frm
sadB011.frm
sadB012.frm
sadB013.frm
sadB014.frm
sadB015.frm
sadB016.frm
sadB017.frm
FEN9014.FRM
FEN9015.FRM
FEN9016.FRM
FEN9017.FRM
FEN9018.FRM
FEN9019.FRM
temple01.frm
temple02.frm
temple03.frm
temple04.frm
temple05.frm
temple06.frm
temple07.FRM
temple08.FRM
temple09.FRM
temple10.FRM
temple11.FRM
temple12.FRM
temple13.FRM
temple14.FRM
temple15.FRM
temple16.FRM
sadc001.frm
sadc002.frm
sadc003.frm
sadc004.frm
temple17.frm
temple18.frm
temple19.frm
temple20.frm
temple21.frm
temple22.frm
temple23.frm
temple24.frm
temple25.frm
temple26.frm
temple27.frm
temple28.frm
temple29.frm
temple30.frm
temple31.frm
temple32.frm
temple33.frm
temple34.frm
temple35.frm
temple36.frm
temple37.frm
temple38.frm
temple39.frm
temple40.frm
temple41.frm
TEMPLE42.FRM
TEMPLE43.FRM
TEMPLE44.FRM
TEMPLE45.FRM
TEMPLE46.FRM
TEMPLE47.FRM
TEMPLE48.FRM
TEMPLE49.FRM
TEMPLE50.FRM
TEMPLE51.FRM
TEMPLE52.FRM
TEMPLE53.FRM
TEMPLE54.FRM
TEMPLE55.FRM
TEMPLE56.FRM
TEMPLE57.FRM
TEMPLE58.FRM
TEMPLE59.FRM
TEMPLE60.FRM
TEMPLE61.FRM
TEMPLE62.FRM
TEMPLE63.FRM
TEMPLE64.FRM
TEMPLE65.FRM
TEMPLE66.FRM
TEMPLE67.FRM
TEMPLE68.FRM
TEMPLE69.FRM
TEMPLE70.FRM
TEMPLE71.FRM
TEMPLE72.FRM
TEMPLE73.FRM
TEMPLE74.FRM
TEMPLE75.FRM
TEMPLE76.FRM
TEMPLE77.FRM
TEMPLE78.FRM
TEMPLE79.FRM
TEMPLE80.FRM
TEMPLE81.FRM
TEMPLE82.FRM
TEMPLE83.FRM
TEMPLE84.FRM
TEMPLE85.FRM
TEMPLE86.FRM
TEMPLE87.FRM
TEMPLE88.FRM
TEMPLE89.FRM
TEMPLE90.FRM
TEMPLE91.FRM
TEMPLE92.FRM
TEMPLE93.FRM
TEMPLE94.FRM
TEMPLE95.FRM
TEMPLE96.FRM
TEMPLE97.FRM
TEMPLE98.FRM
TEMPLE99.FRM
ENCLAV01.FRM
ENCLAV02.FRM
ENCLAV03.FRM
ENCLAV04.FRM
ENCLAV05.FRM
ENCLAV06.FRM
ENCLAV07.FRM
ENCLAV08.FRM
ENCLAV09.FRM
ENCLAV10.FRM
ENCLAV11.FRM
ENCLAV12.FRM
ENCLAV13.FRM
ENCLAV14.FRM
ENCLAV15.FRM
ENCLAV16.FRM
ENCLAV17.FRM
ENCLAV18.FRM
ENCLAV19.FRM
ENCLAV20.FRM
ENCLAV21.FRM
ENCLAV22.FRM
ENCLAV23.FRM
ENCLAV24.FRM
ENCLAV25.FRM
ENCLAV26.FRM
ENCLAV27.FRM
COLUMN1.FRM
NEC200.FRM
NEC201.FRM
NEC202.FRM
NEC203.FRM
nec204.FRM
nec205.FRM
mineent1.frm
mineent2.frm
ADB3000.FRM
ADB3001.FRM
ADB3002.FRM
ADB3003.FRM
SHUTL01.FRM
SHUTL02.FRM
SHUTL03.FRM
SHUTL04.FRM
SHUTL05.FRM
SHUTL06.FRM
SHUTL07.FRM
SHUTL08.FRM
SHUTL09.FRM
SHUTL10.FRM
SHUTL11.FRM
shutl12.FRM
shutl13.FRM
shutl14.FRM
shutl15.FRM
shutl16.FRM
shutl17.FRM
shutl18.FRM
shutl19.FRM
shutl20.FRM
shutl21.FRM
shutl22.FRM
adw1030.frm
adw1031.frm
adw1032.frm
adw1033.frm
adw1034.frm
ENCDOR01.FRM
ENCDOR02.FRM
ENCDOR03.FRM
ENCDOR04.FRM
ENCDOR05.FRM
ENCDOR06.FRM
ENCDOR07.FRM
ENCDOR08.FRM
ENCDOR09.FRM
ENCDOR10.FRM
ENCDOR11.FRM
ENCDOR12.FRM
ENCDOR13.FRM
ENCDOR14.FRM
ENCDOR15.FRM
ENCDOR16.FRM
ADW1040.FRM
ADW1041.FRM
ADW1042.FRM
ADW1043.FRM
ADW1044.FRM
FFGEN05.FRM
FFGEN06.FRM
FFGEN07.FRM
FFGEN08.FRM
FFGEN09.FRM
FFGEN10.FRM
FFGEN11.FRM
FFGEN12.FRM
vd5003.frm
ware021.frm
NCRDOR01.FRM
NCRDOR02.FRM
NCRDOR03.FRM
NCRDOR04.FRM
SHIP01.FRM
SHIP02.FRM
SHIP03.FRM
SHIP04.FRM
SHIP05.FRM
SHIP06.FRM
SHIP07.FRM
SHIP08.FRM
SHIP09.FRM
SHIP10.FRM
SHIP11.FRM
SHIP12.FRM
SHIP13.FRM
SHIP14.FRM
SHIP15.FRM
SHIP16.FRM
SHIP17.FRM
SHIP18.FRM
SHIP19.FRM
SHIP20.FRM
SHIP21.FRM
SHIP22.FRM
SHIP23.FRM
SHIP24.FRM
SHIP25.FRM
SHIP26.FRM
SHIP27.FRM
ship28.frm
ship29.frm
ship30.frm
ship31.frm
vwindw1.frm
vwindw2.frm
vwindw3.frm
vwindw4.frm
vwindw5.frm
vwindw6.frm
vwindw7.frm
PRESDOR1.FRM
PRESDOR2.FRM
ware022.frm
Adb3004.frm
Adb3005.frm
Adb3006.frm
Adb3007.frm
Adb3008.frm
Adb3009.frm
Adb3010.frm
Adb3011.frm
Adb3012.frm
Adb3013.frm
Adb3014.frm
Adb3015.frm
Adb3016.frm
Adb3017.frm
Adb3018.frm
Adb3019.frm
Adb3020.frm
Adb3021.frm
Adb3022.frm
Adb3023.frm
Adb3024.frm
Adb3025.frm
Adb3026.frm
Adb3027.frm
Adb3028.frm
Adb3029.frm
Adb3030.frm
Adb3031.frm
Adb3032.frm
Adb3033.frm
Ca092.frm
Ca093.frm
Ca094.frm
Ca095.frm
Ca096.frm
Ca097.frm
Ca098.frm
Ca099.frm
Ca100.frm
Ca101.frm
Ca102.frm
Ca103.frm
Ca104.frm
Ca105.frm
Ca106.frm
Ca107.frm
Ca108.frm
Ca109.frm
Ca110.frm
Ca111.frm
Ca112.frm
Ca113.frm
Ca114.frm
Ca115.frm
Ca116.frm
Ca117.frm
Ca118.frm
Ca119.frm
Ca120.frm
Ca121.frm
Ca122.frm
Ca123.frm
Ca124.frm
Ca125.frm
Ca126.frm
Ca127.frm
Ca128.frm
Ca129.frm
Ca130.frm
Ca131.frm
Ca132.frm
Ca133.frm
Ca134.frm
Ca135.frm
Ca136.frm
Ca137.frm
Ca138.frm
Ca139.frm
Ca140.frm
Ca141.frm
Ca142.frm
Ca143.frm
Ca144.frm
Ca145.frm
Ca146.frm
Ca147.frm
Ca148.frm
Ca149.frm
Ca150.frm
Ca151.frm
Ca152.frm
Ca153.frm
Ca154.frm
Ca155.frm
Ca156.frm
Ca157.frm
Ca158.frm
Ca159.frm
Ca160.frm
Ca161.frm
Ca162.frm
Ca163.frm
Ca164.frm
Ca165.frm
Ca166.frm
Ca167.frm
Ca168.frm
Ca169.frm
Ca170.frm
ffgen13.frm
ffgen14.frm
ffgen15.frm
