STRENGTH.FRM  ; Strength     (Basic Stat)
PERCEPTN.FRM  ; Perception   (Basic Stat)
ENDUR.FRM     ; Endurance    (Basic Stat)
CHARISMA.FRM  ; Charisma     (Basic Stat)
INTEL.FRM     ; Intelligence (Basic Stat)
AGILITY.FRM   ; Agility      (Basic Stat)
LUCK.FRM      ; Luck         (Basic Stat)
LEVEL.FRM     ; Level
EXPER.FRM     ; Experience
LEVELNXT.FRM  ; Next Level
HITPOINT.FRM  ; Hit Points
POISONED.FRM  ; Poisoned
RADIATED.FRM  ; Radiated
EYEDAMAG.FRM  ; Eye Damage
ARMRIGHT.FRM  ; Crippled Right Arm
ARMLEFT.FRM   ; Crippled Left Arm
LEGRIGHT.FRM  ; Crippled Right Leg
LEGLEFT.FRM   ; Crippled Left Leg
ARMORCLS.FRM  ; Armor Class
ACTIONPT.FRM  ; Action Points
CARRYAMT.FRM  ; Carry Weight (Carry Amount)
MELEEDAM.FRM  ; Melee Damage
DAMRESIS.FRM  ; Damage Resistance
POISNRES.FRM  ; Poison Resistance
SEQUENCE.FRM  ; Sequence
HEALRATE.FRM  ; Healing Rate
CRITCHNC.FRM  ; Critical Chance
SKILLS.FRM    ; *Skills/Tag Skills/Skill Points
GUNSML.FRM    ; Small Guns
GUNBIG.FRM    ; Big Guns
ENERGYWP.FRM  ; Energy Weapons
UNARMED.FRM   ; Unarmed
MELEE.FRM     ; Melee Weapons
THROWING.FRM  ; Throwing
FIRSTAID.FRM  ; First Aid
DOCTOR.FRM    ; Doctor
SNEAK.FRM     ; Sneak
LOCKPICK.FRM  ; Lockpick
STEAL.FRM     ; Steal
TRAPS.FRM     ; Traps
SCIENCE.FRM   ; Science
REPAIR.FRM    ; Repair
SPEECH.FRM    ; Speech
BARTER.FRM    ; Barter
GAMBLING.FRM  ; Gambling
OUTDOORS.FRM  ; Outdoorsman
KILLS.FRM     ; *Kills
KARMA.FRM     ; *Karma
REP.FRM       ; Reputation (Good/Bad)
REPBRSRK.FRM  ; Reputation (Berserker)
REPCHILD.FRM  ; Reputation (Child Killer)
REPGOOD.FRM   ; Reputation (Champion)
ALCHOHOL.FRM  ; Addiction (Alcohol)
ADDICT.FRM    ; Addiction (Drugs)
TRAITS.FRM    ; *Traits
FASTMETA.FRM  ; Fast Metabolism
BRUISER.FRM   ; Bruiser
SMLFRAME.FRM  ; Small Frame
ONEHAND.FRM   ; One Hander
FINESSE.FRM   ; Finesse
KAMIKAZE.FRM  ; Kamikaze
HEAVYHND.FRM  ; Heavy Handed
FASTSHOT.FRM  ; Fast Shot
BLDMESS.FRM   ; Bloody Mess
JINXED.FRM    ; Jinxed
GOODNATR.FRM  ; Good Natured
ADDICT.FRM    ; Drug Addict
DRUGREST.FRM  ; Drug Resistant
NIGHTPER.FRM  ; Night Person
SKILLED.FRM   ; Skilled
GIFTED.FRM    ; Gifted
PERKS.FRM     ; *Perks
AWARENES.FRM  ; Awareness
HND2HND.FRM   ; Bonus Hand-to-Hand Attacks
DAMAGE.FRM    ; Bonus Hand-to-Hand Damage
BONUSMVE.FRM  ; Bonus Move
BONUSRNG.FRM  ; Bonus Ranged Damage
BONUSRAT.FRM  ; Bonus Rate of Fire
EARLYSEQ.FRM  ; Earlier Sequence
HEALRATE.FRM  ; Faster Healing
MORECRIT.FRM  ; More Criticals
NIGHTVIZ.FRM  ; Night Vision
PRESENCE.FRM  ; Presence
RADRESIS.FRM  ; Rad Resistance
TOUGHNES.FRM  ; Toughness
PACKANIM.FRM  ; Pack Animal
SHARPSHT.FRM  ; Sharpshooter
SILNTRUN.FRM  ; Silent Running
SURVIVAL.FRM  ; Survivalist
MSTRTRAD.FRM  ; Master Trader
EDUCATED.FRM  ; Educated
HEALER.FRM    ; Healer
FORTUNFD.FRM  ; Fortune Finder
BETRCRIT.FRM  ; Better Criticals
EMPATHY.FRM   ; Empathy
SLAYER.FRM    ; Slayer        <-------- *New Perks* ---
SNIPER.FRM    ; Sniper
SILENTD.FRM   ; Silent Death
ACTION.FRM    ; Action Boy
MENTALBK.FRM  ; Mental Block
LIFEGIVR.FRM  ; Lifegiver
DODGER.FRM    ; Dodger
SNAKEEAT.FRM  ; Snakeater
MRFIXIT.FRM   ; Mr Fixit
MEDIC.FRM     ; Medic
MTRTHIEF.FRM  ; Master Thief
SPEAKER.FRM   ; Speaker
HEAVEHO.FRM   ; Heave Ho
FRIENFOE.FRM  ; Friendly Foe
PICKPOCK.FRM  ; Pickpocket
GHOST.FRM     ; Ghost
CULTOPER.FRM  ; Cult of Personality
SCROUNGR.FRM  ; Scrounger
EXPLORER.FRM  ; Explorer
FLOWER.FRM    ; Flower Child
PATHFNDR.FRM  ; Pathfinder
ANIMALFR.FRM  ; Animal Friend
SCOUT.FRM     ; Scout
STRANGER.FRM  ; Mysterious Stranger
RANGER.FRM    ; Ranger
QUIKPOCK.FRM  ; Quick Pockets
SMOOTHTK.FRM  ; Smooth Talker
SWFTLERN.FRM  ; Swift Learner
TAG.FRM       ; Tag
MUTATE.FRM    ; Mutate
BETRAY.FRM    ; Betrayer  <<< NEW FOR FALLOUT 2 
BUFFOUTS.FRM  ; Buffout Addiction
DEFENDER.FRM  ; Defender Rep
DEMON.FRM     ; Demon Rep
DESPAIR.FRM   ; Despair Rep
EXPERTSX.FRM  ; Expert (Sex for New Reno)
FIGHTER.FRM   ; Fighter Rep
GIGOLO.FRM    ; Gigolo (Sex for New Reno)
GRAVEROB.FRM  ; Grave-robber
GUARDIAN.FRM  ; Guardian Rep
IDOLIZED.FRM  ; Idolized Rep
JETADICT.FRM  ; Jet Addiction
LIKED.FRM     ; Liked Rep
MADEMAN.FRM   ; Made Man Rep
MARRIED.FRM   ; Married Rep
MENTATS.FRM   ; Mentats Addiction
NEUTRAL.FRM   ; Neutral Rep
NUKACOLA.FRM  ; Nuka Cola Addiction
PORNSTAR.FRM  ; Pornstar (Sex for New Reno)
PSYCHO.FRM    ; Psycho Addiction
RADAWAY.FRM   ; Radaway Addiction
SCOURGE.FRM   ; Scourge Rep
SHLDHOPE.FRM  ; Shield of Hope Rep
SLAVER.FRM    ; Slaver Rep
TRAGIC.FRM    ; Tragic Card Game Addiction
VILLFIED.FRM  ; Villified Rep
VIRGIN.FRM    ; Virgin (Sex for New Reno)
WANDERER.FRM  ; Wanderer Rep
HATED.FRM     ; Hated Rep
GENERIC.FRM   ; Generic Vault Guy
ADRNRUSH.FRM  ; Adrenaline Rush  <<< NEW FOR FALLOUT 2 (2nd Set)
CAUTIOUS.FRM  ; Cautious Nature
DRMLARMR.FRM  ; Dermal Armor
GECKOSKN.FRM  ; Gecko Skinning
H2HEVADE.FRM  ; Hand to Hand Evade
HARMLESS.FRM  ; Harmless (changed name?)
HERE&NOW.FRM  ; Here and Now
KARMABCN.FRM  ; Karma Beacon
KMASUTRA.FRM  ; Kama Sutra Master
LITESTEP.FRM  ; Light Step
LVNGANAT.FRM  ; Living Anatomy
MAGPERS.FRM   ; Magnetic Personality
PACKRAT.FRM   ; Pack Rat
PHNXARMR.FRM  ; Phoenix Armor
PYROMNAC.FRM  ; Pyromaniac
QWKRECOV.FRM  ; Quick Recovery
STONWALL.FRM  ; Stonewall
VCINNOC.FRM   ; Vault City Inoculations
WEPNHAND.FRM  ; Weapon Handling
DIVORCED.FRM  ; Divorced/Widowed

