reserved.frm
altar1.frm
altar2.frm
altar3.frm
arow01.frm
arow02.frm
arrow1.frm
arrow2.frm
arrow3.frm
arrow4.frm
arrow5.frm
bar01.frm
barrel.frm
bed1.frm
bed2.frm
bed3.frm
bed4.frm
bed5.frm
bed6.frm
bed7.frm
bed8.frm
block.frm
block2.frm
block3.frm
block4.frm
block5.frm
BLACK001.frm
BLACK002.frm
bokcas3.frm
bokcas5.frm
bokcas6.frm
bokcas7.frm
bone01.frm
bone02.frm
bone03.frm
bone04.frm
bone05.frm
box01.frm
box02.frm
box03.frm
box04.frm
boxes1.frm
boxes2.frm
boxes3.frm
boxes4.frm
brl1000.frm
brl2000.frm
brndor01.frm
brndor02.frm
cac1000.frm
cac2000.frm
car1.frm
car2.frm
car3.frm
car4.frm
car5.frm
chair1.frm
chair2.frm
chair3.frm
chair4.frm
chair5.frm
chair6.frm
chair7.frm
chair8.frm
chair9.frm
char01.frm
char02.frm
char03.frm
char04.frm
char05.frm
char06.frm
chr1000.frm
chr2000.frm
chr3000.frm
chr4000.frm
chr5000.frm
chr6000.frm
chr7000.frm
chr8000.frm
chr9000.frm
chra000.frm
chrb000.frm
chrc000.frm
cola.frm
colsmal1.frm
colsmal2.frm
colsmal3.frm
colsmal4.frm
column1.frm
column2.frm
comp1.frm
comp2.frm
comp3.frm
comp4.frm
comp5.frm
comp6.frm
cover.frm
cstalag1.frm
cstalag2.frm
cvcolum1.frm
cvcolum2.frm
cwalflr.frm
cwalroof.frm
desk1.frm
desk2.frm
door01.frm
door02.frm
door03.frm
door04.frm
door1.frm
doorcomp.frm
dresr1.frm
dresr2.frm
dresr3.frm
elevator.frm
elve01.frm
firehy.frm
flamp1.frm
flamp2.frm
flamp3.frm
flamp4.frm
flamp5.frm
flamp6.frm
flamp7.frm
fridge.frm
gate.frm
gate001.frm
gizbase.frm
gizsign.frm
holdor01.frm
holdor02.frm
holo.frm
iceche.frm
iceches.frm
inside01.frm
inside02.frm
junk1.frm
junk2.frm
junk3.frm
junk4.frm
junk5.frm
keybrd01.frm
keybrd02.frm
ladder.frm
logo01.frm
logo02.frm
mailbx.frm
necdoor1.frm
necdoor2.frm
necdoor3.frm
necdoor4.frm
necpew1.frm
necpew2.frm
necpew3.frm
newsp1.frm
newsp2.frm
newsp3.frm
newsp4.frm
newsp5.frm
newsp6.frm
njunk1.frm
njunk2.frm
njunk3.frm
njunk4.frm
njunk5.frm
njunk6.frm
njunk7.frm
num01.frm
num02.frm
num03.frm
num04.frm
rock01.frm
rock02.frm
rock03.frm
rock04.frm
rock05.frm
rock06.frm
rock07.frm
rock08.frm
rock09.frm
rock10.frm
roks.frm
roks2.frm
roks3.frm
rubble1.frm
screens1.frm
screens2.frm
scrpblud.frm            ; NOT USED ANYMORE!!!
secret.frm
sewer01.frm
sewer02.frm
sewer03.frm
sewer04.frm
sewer05.frm
sewer06.frm
sewer07.frm
sewer08.frm
sewer09.frm
sewer10.frm
sewer11.frm
sink1.frm
sink2.frm
sink3.frm
sink4.frm
staff.frm
stbed01.frm
stbed02.frm
stbed03.frm
stcomp01.frm
stcomp02.frm
stcomp03.frm
stcomp04.frm
stcomp05.frm
stcomp06.frm
stcomp07.frm
stcomp08.frm
stop1.frm
stop2.frm
stplit1.frm
stplit2.frm
stplit3.frm
str1000.frm
str1001.frm
str1002.frm
str1003.frm
str1004.frm
str1005.frm
str1006.frm
strlit1.frm
strlit2.frm
strlit3.frm
strlit4.frm
strlit5.frm
strlit6.frm
strlit7.frm
strsign1.frm
strsign2.frm
table1.frm
table2.frm
table3.frm
table4.frm
table5.frm
table6.frm
table7.frm
tbl1000.frm
tbl2000.frm
tbl3000.frm
tbl4000.frm
tirs000.frm
tirs002.frm
toilet1.frm
toilet2.frm
toilet3.frm
toilet4.frm
trapdr.frm
traphol.frm
trash1.frm
trash2.frm
trash3.frm
trash4.frm
trashcn.frm
tre1000.frm
tree1.frm
tree2.frm
tree3.frm
tree4.frm
tree5.frm
tree6.frm
truck1.frm
truck2.frm
truck3.frm
tub1.frm
tub2.frm
tum1000.frm
unit000.frm
urinal1.frm
urinal2.frm
urinal3.frm
urinal4.frm
v13doorf.frm
v13doors.frm
v13secr2.frm
v13secr3.frm
v13secur.frm
vbed-180.frm
vbed-270.frm
vbed-90.frm
vbed.frm
vdoorf.frm
vdoors.frm
vent1.frm
vent2.frm
vent3.frm
vent4.frm
vosb000.frm
vosb001.frm
vosb002.frm
vosfloor.frm
vosp000.frm
vosv000.frm
vstair.frm
vwin01.frm
vwin02.frm
vwin03.frm
vwin04.frm
watrtank.frm
wdoor1.frm
wdoor2.frm
weed01.frm
weed02.frm
weed03.frm
weed04.frm
weed05.frm
weed06.frm
weed07.frm
weed08.frm
weed09.frm
weed10.frm
weed11.frm
weed12.frm
weed13.frm
weed14.frm
weed15.frm
weed16.frm
weed17.frm
weed18.frm
weed19.frm
weed20.frm
weed21.frm
weed22.frm
weed23.frm
weed24.frm
weed25.frm
weed26.frm
wire01.frm
wire02.frm
wire03.frm
wlamp1.frm
wlamp2.frm
wlamp3.frm
wlamp4.frm
wlamp5.frm
wlamp6.frm
wlamp7.frm
wlamp8.frm
yield1.frm
yield2.frm
cathent.frm
door05.frm  
pue01.frm   
stair00.frm 
stair01.frm 
stair02.frm 
stair03.frm 
stair04.frm 
stair05.frm 
stair06.frm 
stair07.frm 
stway.frm   
tower1.frm  
tower2.frm  
tower3.frm  
tower4.frm  
curtain.frm
bowl1.frm   
bowl2.frm   
bucket1.frm 
cab1.frm    
cab2.frm    
cart1.frm   
corn1.frm   
corn2.frm   
corn3.frm   
curtain2.frm
pot1.frm    
rake1.frm   
rake2.frm   
rake3.frm   
rug1.frm    
rug2.frm    
rug3.frm    
shovel1.frm 
shovel2.frm 
shovel3.frm 
vase1.frm   
well1.frm
ypole1.frm  
ypole2.frm  
ypole3.frm  
ypole4.frm  
yrope1.frm  
yrope2.frm  
firedoor.frm
v13secr4.frm
brace1.frm  
brace2.frm  
brace3.frm  
brace4.frm  
barrel2.frm 
barrel3.frm 
barrel4.frm 
barrel5.frm 
fsdome.frm  
crate1.frm  
crate2.frm  
crate3.frm  
mdesk1.frm  
mdesk2.frm  
wdoor3.frm  
cavein.frm  
monitr1.frm 
monitr2.frm 
monitr3.frm 
monitr4.frm 
monitr5.frm 
monitr6.frm 
monitr7.frm 
monitr8.frm 
shorcar1.frm
shorcar2.frm
shorcar3.frm
shorjnk1.frm
shorjnk2.frm
shorjnk3.frm
garpipe1.frm
garpipe2.frm
garpipe3.frm
comp7.frm   
velev01.frm 
velev02.frm 
velev03.frm 
velev04.frm 
velev05.frm 
mbpipe1.frm 
mbpipe2.frm 
box05.frm   
box06.frm   
box07.frm   
box08.frm   
drock1.frm  
drock2.frm  
drock3.frm  
drock4.frm  
drock5.frm  
drock6.frm  
drock7.frm  
drock8.frm  
v13secr5.frm
cathdor1.frm
cathdor2.frm
BROCK01.frm   
BROCK02.frm   
BROCK03.frm   
BROCK04.frm   
BROCK05.frm   
BROCK06.frm   
BCAVEIN.frm   
Bcavwat.frm   
mbback1.frm 
mbentdor.frm
well2.frm   
crptbl01.frm
crptbl02.frm
crptbl03.frm
crptbl04.frm
crptbl05.frm
crptbl06.frm
crptbl07.frm
crptbl08.frm
crptbl09.frm
crptbl10.frm
slimeis1.frm
slimeis2.frm
slimeis3.frm
slimeis4.frm
slmach1.frm 
slmach2.frm 
v13secr6.frm
velev06.frm 
velev07.frm 
velev08.frm 
wareh01.frm 
wareh02.frm 
wareh03.frm 
wareh04.frm 
wareh05.frm 
wareh06.frm 
wareh07.frm 
wareh08.frm 
wareh09.frm 
wareh10.frm 
wareh11.frm 
wareh12.frm 
awpc.frm    
ccaltar.frm 
ccmnitr1.frm
ccmnitr2.frm
ccpodium.frm
ccsldldr.frm
ffield01.frm
ffield02.frm
ffield03.frm
ffield04.frm
ltable1.frm 
ltable2.frm 
ltable3.frm 
ltable4.frm 
ltable5.frm 
ltable6.frm 
wshelv1.frm 
wshelv2.frm 
wshelv3.frm 
wshelv4.frm 
wshelv5.frm 
wshelv6.frm 
ccaltar2.frm
ccaltar3.frm
ccaltar4.frm
ccaltar5.frm
glowslid.frm
bkshlf1.frm 
bkshlf2.frm 
bkshlf3.frm 
bkshlf4.frm 
bkshlf5.frm 
bkshlf6.frm 
brotbl01.frm
brotbl02.frm
brotbl03.frm
brotbl04.frm
brotbl05.frm
brotbl06.frm
bsaltar1.frm
bsaltar2.frm
bsaltar3.frm
bspew.frm   
bspodium.frm
ccart01.frm 
ccart02.frm 
ccart03.frm 
ccart04.frm 
ccart05.frm 
ccart06.frm 
exmat1.frm  
exmat2.frm  
exmat3.frm  
exmat4.frm  
expnch.frm  
exstr1.frm  
exstr2.frm  
extrdml1.frm
extrdml2.frm
exwtlft1.frm
exwtlft2.frm
gbridge1.frm
gbridge2.frm
roltbl01.frm
roltbl02.frm
roltbl03.frm
roltbl04.frm
roltbl05.frm
barrel6.frm 
barrel7.frm 
glcomp01.frm
glcomp02.frm
gtank01.frm 
gtank02.frm 
stmain01.frm
stmain02.frm
sttable.frm 
sttools.frm 
stbed04.frm 
stbed05.frm 
stbed06.frm 
wire04.frm  
wire05.frm  
barsign.frm 
beam.frm    
beamrope.frm
bigshlf1.frm
bigshlf2.frm
bigshlf3.frm
bigshlf4.frm
bush1.frm   
bush2.frm   
bush3.frm   
cathgrd1.frm
cathgrd2.frm
cathin1.frm 
cathin2.frm 
cathin3.frm 
doorbars.frm
dwsign.frm  
hole1.frm   
hole2.frm   
mach01.frm  
mach02.frm  
mach03.frm  
mach04.frm  
mach05.frm  
mach06.frm  
medtbl01.frm
medtbl02.frm
medtbl03.frm
medtbl04.frm
medtbl05.frm
posts.frm   
shack.frm   
sign01.frm  
sign02.frm  
sign03.frm  
slimpol1.frm
slimpol2.frm
slimpol3.frm
tblmetl1.frm
tblmetl2.frm
tblmetl3.frm
tblmetl4.frm
tblrust1.frm
tblrust2.frm
tblrust3.frm
tblrust4.frm
woodfire.frm
bath01.frm  
bath02.frm  
bath03.frm  
bath04.frm  
bath05.frm  
bath06.frm  
bath07.frm  
bath08.frm  
bath09.frm  
bath10.frm  
bath11.frm  
bath12.frm  
bath13.frm  
bath14.frm  
bedchld1.frm
bedchld2.frm
bedmilt1.frm
bedmilt2.frm
bedmilt3.frm
cathcmp1.frm
cathcmp2.frm
chdflag1.frm
chdflag2.frm
chdflag3.frm
compglw1.frm
compglw2.frm
compglw3.frm
compglw4.frm
dead01.frm  
dead02.frm  
dead03.frm  
dead04.frm  
doorbar2.frm
forcont1.frm
forcont2.frm
fork1.frm   
fork2.frm   
holo02.frm  
medtbl08.frm
medtbl09.frm
milgate.frm 
pipes1.frm  
pipes2.frm  
power1.frm  
tanktop.frm 
tardis.frm  
ss101.frm   
ss102.frm   
ss103.frm   
ss104.frm   
ss105.frm   
ss106.frm   
ss107.frm   
ss108.frm   
ss109.frm   
ss110.frm   
ss111.frm   
ss112.frm   
ss113.frm   
ss114.frm   
ss115.frm   
ss116.frm   
ss117.frm   
ss118.frm   
ss119.frm   
ss120.frm   
ss121.frm   
ss122.frm   
ss123.frm   
sstove1.frm 
sstove2.frm 
sstove3.frm 
sstove4.frm 
brokpost.frm
browreck.frm
mbrocks1.frm
mbrocks2.frm
toilet5.frm 
mount01.frm 
mount02.frm 
mount03.frm 
mount04.frm 
mount05.frm 
mount06.frm 
mstr01.frm  
mstr02.frm  
mstr03.frm  
mstr04.frm  
mstr05.frm  
mstr06.frm  
mstr07.frm  
mstr08.frm  
mstr09.frm  
mstr10.frm  
mstr11.frm  
mstr12.frm  
mstr13.frm  
mstr14.frm  
mstr15.frm  
mstr16.frm  
mstr17.frm  
mstr18.frm  
mstr19.frm  
mstr20.frm  
mstr21.frm  
mstr22.frm  
mstr23.frm  
mstr24.frm  
mstr25.frm  
mstr26.frm  
mstr27.frm  
mstr28.frm  
mstr29.frm  
mstr30.frm  
mstr31.frm  
mstr32.frm  
mstr33.frm  
mstr34.frm  
mstr35.frm  
mstr36.frm  
mstr37.frm  
mstr38.frm  
mstr39.frm  
mstr40.frm  
mstr41.frm  
mstr42.frm  
mstr43.frm  
mstr44.frm  
mstr45.frm  
mstr46.frm  
mstr47.frm  
mstr48.frm  
mstr49.frm  
mstr50.frm  
mstr51.frm  
mstr52.frm  
mstr53.frm  
mstr54.frm  
mstr55.frm  
mstr56.frm  
mstr57.frm  
mstr58.frm  
mstr59.frm  
mstr60.frm  
mstr61.frm  
mstr62.frm  
mstr63.frm  
mstr64.frm  
mstr65.frm  
mstr66.frm  
mstr67.frm  
mstr68.frm  
mstr69.frm  
mstr70.frm  
trapflr1.frm
abomb1.frm  
abomb2.frm  
acomp.frm   
awire.frm   
bvs01.frm   
bvs02.frm   
bvs03.frm   
bvs04.frm   
bvs05.frm   
bvs06.frm   
bvs07.frm   
bvs08.frm   
bvs09.frm   
bvs10.frm   
bvs11.frm   
bvs12.frm   
bvs13.frm   
bvs14.frm   
bvs15.frm   
bvs16.frm   
bvs17.frm   
bvs18.frm   
bvs19.frm   
bvs20.frm   
bvs21.frm   
bvs22.frm   
bvs23.frm   
bvs24.frm   
bvs25.frm   
bvs26.frm   
bvs27.frm   
bvs28.frm   
bvs29.frm   
bvs30.frm   
bvs31.frm   
bvs32.frm   
bvs33.frm   
bvs34.frm   
bvs35.frm   
bvs36.frm   
bvs37.frm   
bvs38.frm   
bvs39.frm   
bvs40.frm   
bvs41.frm   
bvs42.frm   
bvs43.frm   
bvs44.frm   
bvs45.frm   
bvs46.frm   
bvs47.frm   
bvs48.frm   
bvs49.frm   
bvs50.frm   
mbsecur.frm 
screens3.frm
screens4.frm
secret2.frm 
flcdoor.frm 
mblight1.frm
mblight2.frm
pillar.frm  
robcomp1.frm
robcomp2.frm
robcomp3.frm
robcomp4.frm
robcomp5.frm
scomp1.frm  
scomp2.frm  
strp01.frm  
strp02.frm  
strp03.frm  
strp04.frm  
strp05.frm  
strp06.frm  
strp07.frm  
strp08.frm  
strp09.frm  
strp10.frm  
strp11.frm  
wdoor4.frm  
wdoor5.frm  
wdoor6.frm  
flcsign.frm 
flwrlogo.frm
medtbl10.frm
mfsign.frm  
graf01.frm  
graf02.frm  
graf03.frm  
graf04.frm  
graf05.frm  
graf06.frm  
graf07.frm  
graf08.frm  
graf09.frm  
graf10.frm  
graf11.frm  
graf12.frm  
graf13.frm  
graf14.frm  
sign04.frm  
sign05.frm  
sign06.frm  
sign07.frm  
sign08.frm  
sign09.frm  
sign10.frm  
sign11.frm  
sign12.frm  
eggs1.frm   
eggs2.frm   
eggs3.frm   
eggs4.frm   
eggs5.frm   
eggs6.frm   
eggs7.frm   
eggs8.frm   
junklit1.frm
sign13.frm  
mushrm1.frm 
mushrm2.frm 
v13bones.frm
jail.frm    
skum.frm    
bladsign.frm
bshowr1.frm 
bshowr2.frm 
flcsign1.frm
flcsign2.frm
ripsign1.frm
ripsign2.frm
trophyb.frm 
velev09.frm 
velev10.frm 
bedmilt4.frm
pumpnec.frm 
blkexit.frm
bedmilt5.frm
pwrarmor.frm
mblight3.frm
mblight4.frm
arwlsc01.frm
arwlsc02.frm
arwlsc03.frm
arwlsc04.frm
arwlsc05.frm
arwlsc06.frm
arwlsc07.frm
arwlsc08.frm
arwlsc09.frm
arwlsc10.frm
arwlsc11.frm
arwlsc12.frm
arwlsc13.frm
arwlsc14.frm
aybridg1.frm
aybridg2.frm
aybridg3.frm
aybridg4.frm
aybridg5.frm
aybridg6.frm
aybridg7.frm
aybridg8.frm
acavedr1.frm
acavedr2.frm
acavedr3.frm
acavedr4.frm
atorch1.frm
atorch2.frm
head1.frm
head2.frm
head3.frm
SKLPOLE1.FRM
SKLPOLE2.FRM
SKLPOLE3.FRM
MARYJ01.FRM
MARYJ02.FRM
TREE7.FRM
TREE8.FRM
TREE9.FRM
aybed1.frm
aybed2.frm
spearhol.frm
CAVTRAP1.FRM
CAVTRAP2.FRM
CAVTRAP3.FRM
doorb01.frm
doorb02.frm
doorb03.frm
doorb04.frm
doorb05.frm
doorb06.frm
doorb07.frm
doorb08.frm
wdoor7.frm
CORN4.FRM
CORN5.FRM
CORN6.FRM
corn7.frm
corn8.frm
corn9.frm
cavbrac1.frm
cavbrac2.frm
cavbrac3.frm
cavbrac4.frm
cavbrac5.frm
cavbrac6.frm
cavbrac7.frm
CAVINHOL.FRM
LADRDWN.FRM
oildoor1.frm
oiltop1.frm
reactor5.frm
gekodor1.frm
gekodor2.frm
gekodor3.frm
gekodor4.frm
goop01.frm
goop02.frm
GOOP03.FRM
GOOP04.FRM
V13SECR7.FRM
V13SECR8.FRM
crane1.frm
CRANE2.FRM
MODWELL1.FRM
MODWELL2.FRM
outhouse.frm
geckflr1.frm
stltrap1.frm
stltrap2.frm
stltrap3.frm
still.frm
scorpart.frm
geckm01.frm
geckm02.frm
geckm03.frm
geckm04.frm
geckm05.frm
geckm06.frm
sidebrah.frm
CARSPEC1.FRM
CARSPEC2.FRM
CARSPEC3.FRM
GRAVE01.FRM
GRAVSTN1.FRM
GRAVSTN2.FRM
GRAVSTN3.FRM
GRAVSTN4.FRM
plow01.frm
plow02.frm
water01.frm
renosgn1.frm
renosgn2.frm
renosgn3.frm
renosgn4.frm
renosgn5.frm
renosgn6.frm
renosgn7.frm
renosgn8.frm
renosgn9.frm
GX001.FRM
GX002.FRM
GX003.FRM
GX004.FRM
GX005.FRM
GX006.FRM
GX007.FRM
GX008.FRM
GX009.FRM
GX010.FRM
GX011.FRM
GX012.FRM
GX013.FRM
GX014.FRM
GX015.FRM
GX016.FRM
GX017.FRM
GX018.FRM
GX019.FRM
GX020.FRM
GX021.FRM
GX022.FRM
GX023.FRM
GX024.FRM
GX025.FRM
GX026.FRM
GX027.FRM
GX028.FRM
GX029.FRM
GX030.FRM
GX031.FRM
GX032.FRM
GY000.FRM
GY001.FRM
GY002.FRM
GY003.FRM
GY004.FRM
gy005.frm
gy006.frm
gy007.frm
gy008.frm
gy009.frm
gy010.frm
gy011.frm
gy012.frm
gy013.frm
gy014.frm
gy015.frm
gy016.frm
gy017.frm
gy018.frm
gy019.frm
gy020.frm
gy021.frm
gy022.frm
gy023.frm
gy024.frm
gy025.frm
gy026.frm
gy027.frm
gy028.frm
gy029.frm
gy030.frm
gy031.frm
gy032.frm
gy033.frm
gy034.frm
gy035.frm
gy036.frm
gy037.frm
gy038.frm
gy039.frm
gy040.frm
gy041.frm
gy042.frm
gy043.frm
gy044.frm
gy045.frm
gy046.frm
gy047.frm
gy048.frm
gy049.frm
gy050.frm
gy051.frm
gy052.frm
gy053.frm
gy054.frm
gy055.frm
gy056.frm
WPAP01.FRM
WPAP02.FRM
WPAP03.FRM
WPAP04.FRM
WPAP05.FRM
WPAP06.FRM
WPAP07.FRM
WPAP08.FRM
WPAP09.FRM
WPAP10.FRM
WPAP11.FRM
WPAP12.FRM
WPAP13.FRM
WPAP14.FRM
WPAP15.FRM
WPAP16.FRM
WPAP17.FRM
WPAP18.FRM
WPAP19.FRM
WPAP20.FRM
WPAP21.FRM
WPAP22.FRM
WPAP23.FRM
CAMERA01.FRM
COFFIN01.FRM
COFFIN02.FRM
COFFIN03.FRM
COFFIN04.FRM
stelbar1.frm
stelbar2.frm
stelbar3.frm
stelbar4.frm
lsrwir01.frm
lsrwir02.frm
MINECRT1.FRM
MINECRT2.FRM
MINECRT3.FRM
OUTBUS01.FRM
OUTBUS02.FRM
vicsign.frm
bucksign.frm
secdoor1.frm
secdoor2.frm
retscan1.frm
consign1.frm
consign2.frm
consign3.frm
CONSTRC1.FRM
CONSTRC2.FRM
geckm07.frm
geckm08.frm
gekodor5.frm
gekodor6.frm
gekpipe1.frm
gektank1.frm
gektank2.frm
gektank3.frm
gektank4.frm
gekvent1.frm
gekvent2.frm
harpsign.frm
HORSE1.FRM
HORSE2.FRM
HORSE3.FRM
LUVERS1.FRM
LUVERS2.FRM
machsign.frm
mangsign.frm
radsign1.frm
steam01.frm
steam02.frm
suplsign.frm
gektank5.frm
gekfire.frm
cavwater.frm
klasign1.frm
klasign2.frm
klasign3.frm
caveart1.frm
caveart2.frm
caveart3.frm
caveart4.frm
firepit.frm
CVWEED01.FRM
CVWEED02.FRM
CVWEED03.FRM
CVWEED04.FRM
CVWEED05.FRM
CVWEED06.FRM
CVWEED07.FRM
CVWEED08.FRM
CVWEED09.FRM
CVWEED10.FRM
CVWEED11.FRM
CVWEED12.FRM
CVWEED13.FRM
CVWEED14.FRM
CVWEED15.FRM
STAKE01.FRM
STAKE02.FRM
STAKE03.FRM
STAKE04.FRM
STAKE05.FRM
STAKE06.FRM
STAKE07.FRM
STAKE08.FRM
STAKE09.FRM
STAKE10.FRM
STAKE11.FRM
STAKE12.FRM
wantsign.frm
elecflr1.frm
DEADBOT.FRM
HOWITZER.FRM
SADSIGN1.FRM
SADSIGN2.FRM
SADSIGN3.FRM
SADSIGN4.FRM
pswitch.frm
CROSS01.FRM
CROSS02.FRM
CROSS03.FRM
CROSS04.FRM
CROSS05.FRM
CROSS06.FRM
GASPUMP1.FRM
GASPUMP2.FRM
GASPUMP3.FRM
GASSIGN1.FRM
GASSIGN2.FRM
HAYBED01.FRM
HAYBED02.FRM
HAYBED03.FRM
HAYBED04.FRM
HAYBED05.FRM
HAYBED06.FRM
DUSTYSGN.FRM
IGUANA1.FRM
IGUANA2.FRM
IGUANA3.FRM
IGUANA4.FRM
NCRBILL.FRM
NCRSIGN1.FRM
NCRSIGN2.FRM
NCRSIGN3.FRM
NCRSIGN4.FRM
NCRSIGN5.FRM
NCRSIGN6.FRM
RAWHIDE.FRM
casino1.frm
casino2.frm
casino3.frm
casino4.frm
casino5.frm
casino6.frm
modrock1.frm
WDBEAM01.FRM
WDBEAM02.FRM
WDBEAM03.FRM
WDBEAM04.FRM
WDBEAM05.FRM
WDBEAM06.FRM
WDBEAM07.FRM
WDBEAM08.FRM
WDBEAM09.FRM
WDBEAM10.FRM
WDBEAM11.FRM
WDBEAM12.FRM
WDBEAM13.FRM
WDBEAM14.FRM
WDBEAM15.FRM
WDBEAM16.FRM
WDBEAM17.FRM
WDBEAM18.FRM
WDBEAM19.FRM
elevstub.frm
gaspump4.frm
gaspump5.frm
gaspump6.frm
caverope.frm
modhole1.frm
DEDBROM1.FRM
DEDBROM2.FRM
DEDBROM3.FRM
DEDBROM4.FRM
DEDBROM5.FRM
DEDBROM6.FRM
WDBEAM20.FRM
WDBEAM21.FRM
WDBEAM22.FRM
WDBEAM23.FRM
WDBEAM24.FRM
WDBEAM25.FRM
WDBEAM26.FRM
WDBEAM27.FRM
WDBEAM28.FRM
WDBEAM29.FRM
WDBEAM30.FRM
WDBEAM31.FRM
WDBEAM32.FRM
WDBEAM33.FRM
WDBEAM34.FRM
WDBEAM35.FRM
BLOOD01.FRM
BLOOD02.FRM
BLOOD03.FRM
BLOOD04.FRM
BLOOD05.FRM
BLOOD06.FRM
BLOOD07.FRM
BLOOD08.FRM
BLOOD09.FRM
cavehole.frm
BROKHOL1.FRM
BROKHOL2.FRM
BROKHOL3.FRM
BROKHOL4.FRM
comp8.frm
comp9.frm
gate2.frm
gate3.frm
valtgate.frm
valtgat2.frm
VTOP01.FRM
VTOP02.FRM
VTOP03.FRM
VTOP04.FRM
VTOP05.FRM
VTOP06.FRM
VTOP07.FRM
VTOP08.FRM
SADDOOR1.FRM
SADDOOR2.FRM
SADDOOR3.FRM
SADTOP01.FRM
SADTOP02.FRM
SADTOP03.FRM
SADTOP04.FRM
SADTOP05.FRM
SADTOP06.FRM
SADTOP07.FRM
SADTOP08.FRM
gate4.frm
door06.frm
TEMPLE01.FRM
TEMPLE02.FRM
TEMPLE03.FRM
TEMPLE04.FRM
TEMPLE05.FRM
TEMPLE06.FRM
FIRPIT01.FRM
FIRPIT02.FRM
HOWITZR2.FRM
temple07.frm
temple08.frm
mount07.frm
mount08.frm
acavedr5.frm
atorch3.frm
atorch4.frm
atorch5.frm
atorch6.frm
vertibrd.frm
gekodor7.frm
gekodor8.frm
vccorn01.frm
vccorn02.frm
vccorn03.frm
vccorn04.frm
vccorn05.frm
vccorn06.frm
vclight1.frm
vcdoor01.frm
vcdoor02.frm
vcdoor03.frm
vcdoor04.frm
VCDOOR05.FRM
vcdoor06.frm
BANNER01.FRM
BANNER02.FRM
BANNER03.FRM
BANNER04.FRM
BANNER05.FRM
BANNER06.FRM
BANNER07.FRM
BANNER08.FRM
BANNER09.FRM
BANNER10.FRM
BANNER11.FRM
BANNER12.FRM
BANNER13.FRM
BANNER14.FRM
RENOS10.FRM
RENOS11.FRM
RENOS12.FRM
RENOS13.FRM
RENOS14.FRM
RENOS15.FRM
RENOS16.FRM
RENOS17.FRM
RENOS18.FRM
STATUE.FRM
wareh13.frm
wareh14.frm
REDSGN01.FRM
REDSGN02.FRM
REDSGN03.FRM
REDSGN04.FRM
REDSGN05.FRM
REDSGN06.FRM
REDSGN07.FRM
REDSGN08.FRM
REDSGN09.FRM
REDSGN10.FRM
REDSGN11.FRM
REDSGN12.FRM
REDSGN15.FRM
REDSGN16.FRM
rope01.frm
vcdoor07.frm
vcdoor08.frm
VCWIND01.FRM
VCWIND02.FRM
VCWIND03.FRM
VCWIND04.FRM
VCWIND05.FRM
VCWIND06.FRM
VCWIND07.FRM
VCWIND08.FRM
VCWIND09.FRM
VCWIND10.FRM
VCWIND11.FRM
VCWIND12.FRM
POOLLADR.FRM
chinador.frm
CTOWN01.FRM
CTOWN02.FRM
CTOWN03.FRM
CTOWN04.FRM
CTOWN05.FRM
CTOWN06.FRM
CTOWN07.FRM
CTOWN08.FRM
CTOWN09.FRM
CTOWN10.FRM
CTOWN11.FRM
ctown12.frm
ctown13.frm
ctown14.frm
ctown15.frm
ctown16.frm
fencdor1.frm
fencdor2.frm
v13comm.frm
arhole1.frm
arhole2.frm
arhole3.frm
arhole4.frm
casent01.frm
casent02.frm
casent03.frm
casent04.frm
casent05.frm
casent06.frm
casent07.frm
casent08.frm
casent21.frm
casent22.frm
casent23.frm
casent24.frm
casent25.frm
casent26.frm
casent27.frm
casent28.frm
casent29.frm
casent30.frm
casent31.frm
casent32.frm
ENCL01.frm
ENCL02.frm
ENCL03.frm
ENCL04.frm
ENCL05.frm
ENCL06.frm
ENCL07.frm
ENCL08.frm
ENCL09.frm
ENCL10.frm
ENCL11.frm
ENCL12.frm
ENCL13.frm
ENCL14.frm
ENCL15.frm
ENCL16.frm
ENCL17.frm
ENCL18.frm
ENCL19.frm
ENCL20.frm
ENCL21.frm
ENCL22.frm
ENCL23.frm
ENCL24.frm
ENCL25.frm
ENCL26.frm
ENCL27.frm
ENCL28.frm
ENCL29.frm
ENCL30.frm
ENCL31.frm
ENCL32.frm
ENCL33.frm
ENCL34.frm
ENCL35.frm
ENCL36.frm
ENCL37.frm
ENCL38.frm
ncrdoor1.frm
ncrdoor2.frm
ncrdoor3.frm
ncrdoor4.frm
ncrdoor5.frm
ncrdoor6.frm
geckm09.frm
bath20.frm
shuttl01.frm
shuttl02.frm
shuttl03.frm
shuttl04.frm
shuttl05.frm
shuttl06.frm
shuttl07.frm
shuttl08.frm
shuttl09.frm
shuttl10.frm
forcfd01.frm
forcfd02.frm
tblsad.frm
shuttl20.frm
shuttl21.frm
shuttl22.frm
shuttl23.frm
shuttl24.frm
shuttl25.frm
shuttl26.frm
shuttl27.frm
shuttl28.frm
shuttl29.frm
shuttl30.frm
shuttl31.frm
shuttl32.frm
shuttl33.frm
shuttl34.frm
shuttl35.frm
shuttl36.frm
shuttl37.frm
shuttl38.frm
shuttl39.frm
shuttl40.frm
chthrone.frm
encldor1.frm
encldor2.frm
encldor3.frm
encldor4.frm
statue2.frm
drock9.frm
FORCFD03.FRM
FORCFD04.FRM
FORCFD05.FRM
FORCFD06.FRM
TANKER01.FRM
TANKER02.FRM
TANKER03.FRM
TANKER04.FRM
TANKER05.FRM
TANKER06.FRM
TANKER07.FRM
TANKER08.FRM
TANKER09.FRM
TANKER10.FRM
TANKER11.FRM
TANKER12.FRM
TANKER13.FRM
TANKER14.FRM
TANKER15.FRM
TEMPSF01.FRM
TEMPSF02.FRM
TEMPSF03.FRM
TEMPSF04.FRM
TEMPSF05.FRM
TEMPSF06.FRM
RADAR01.FRM
RADAR02.FRM
radar03.frm
dockfm01.frm
dockfm02.frm
dockfm03.frm
dockfm04.frm
dockfm05.frm
dockfm06.frm
dockfm07.frm
dockfm08.frm
dockfm09.frm
dockfm10.frm
vstair2.frm
CYBERDOG.FRM
power2.frm
TRACK01.FRM
TRACK02.FRM
TRACK03.FRM
minect10.frm
minect11.frm
minect12.frm
minect13.frm
minect14.frm
POOLTBL1.FRM
POOLTBL2.FRM
POOLTBL3.FRM
POOLTBL4.FRM
POOLTBL5.FRM
POOLTBL6.FRM
ENCL40.FRM
ENCL41.FRM
ENCL42.FRM
ENCL43.FRM
ENCL44.FRM
ENCL45.FRM
ENCL46.FRM
ENCL47.FRM
ENCL48.FRM
ENCL49.FRM
ENCL50.FRM
ENCL51.FRM
ENCL52.FRM
BIGCOMP1.FRM
BIGCOMP2.FRM
BIGCOMP3.FRM
CARVSIGN.FRM
COFFIN05.FRM
COFFIN06.FRM
ELEV01.FRM
ELEV02.FRM
FLAG.FRM
FLAGPOLE.FRM
GASSIGN3.FRM
encl53.frm
SIGN20.FRM
SIGN21.FRM
SIGN22.FRM
SIGN22B.FRM
SIGN23.FRM
SIGN24.FRM
SIGN25.FRM
SIGN26.FRM
SIGN26B.FRM
SIGN27.FRM
SIGN28.FRM
SIGN28B.FRM
SIGN29.FRM
SIGN30.FRM
SIGN31.FRM
SIGN32.FRM
SIGN33.FRM
SIGN34.FRM
SIGN35.FRM
SIGN36.FRM
SIGN37.FRM
SIGN38.FRM
SIGN39.FRM
ELEV10.frm
ELEV11.FRM
ELEV12.FRM
ELEV13.FRM
verti01.frm
verti02.frm
verti03.frm
verti04.frm
verti05.frm
verti06.frm
verti07.frm
verti08.frm
verti09.frm
VERTI10.FRM
VERTI11.FRM
VERTI12.FRM
VERTI13.FRM
VERTI14.FRM
VERTI15.FRM
VERTI16.FRM
VERTI17.FRM
VERTI18.FRM
arbridg1.frm
arbridg2.frm
arbridg3.frm
shipdor1.frm
shipdor2.frm
SHIPSC01.FRM
SHIPSC02.FRM
SHIPSC03.FRM
SHIPSC04.FRM
SHIPSC05.FRM
SHIPSC06.FRM
SHIPSC07.FRM
SHIPSC08.FRM
SHIPSC09.FRM
SHIPSC10.FRM
VWIN05.FRM
VWIN06.FRM
VWIN07.FRM
VCTURET1.FRM
VCTURET2.FRM
ROCK20.FRM
ROCK21.FRM
ROCK22.FRM
ROCK23.FRM
ROCK24.FRM
ROCK25.FRM
ROCK26.FRM
ROCK27.FRM
ROCK28.FRM
ROCK29.FRM
ROCK30.FRM
SIGN40.FRM
SIGN41.FRM
SIGN42.FRM
SIGN43.FRM
SIGN44.FRM
SIGN45.FRM
SIGN46.FRM
SIGN47.FRM
elbar.frm
encl54.frm
encl55.frm
PRESDOOR.FRM
EYECHART.FRM
GRUINS.FRM
GUARDIAN.FRM
MINESIGN.FRM
RAIDPIT.FRM
ENCDOC01.FRM
ENCDOC02.FRM
ENCDOC03.FRM
ENCDOC04.FRM
ENCDOC05.FRM
ENCDOC06.FRM
ENCDOC07.FRM
ENCDOC08.FRM
encdoc09.frm
encdoc10.frm
encdoc11.frm
encdor12.frm
encdor13.frm
encdor14.frm
encdor15.frm
encdor16.frm
encdor17.frm
SHIPWTR1.FRM
SHIPWTR2.FRM
SHIPWTR3.FRM
SHIPWTR4.FRM
SHIPWTR5.FRM
POLEWATR.FRM
watfall.frm
SFROAD01.FRM
SFROAD02.FRM
SFROAD03.FRM
SFROAD04.FRM
SFROAD05.FRM
SFROAD06.FRM
SFROAD07.FRM
sfroad08.frm
sfroad09.frm
sfroad10.frm
sfroad11.frm
sfroad12.frm
sfroad13.frm
WHALE01.FRM
WHALE02.FRM
WHALE03.FRM
WHALE04.FRM
WHALE05.FRM
WHALE06.FRM
WHALE07.FRM
WHALE08.FRM
WHALE09.FRM
BOSSLEGS.FRM
ROCKMB01.FRM
ROCKMB02.FRM
ROCKMB03.FRM
ROCKMB04.FRM
SIGN50.FRM
SIGN51.FRM
SIGN52.FRM
SIGN52B.FRM
SIGN53.FRM
SIGN54.FRM
startrk.frm
coffin07.frm
sign55.frm
sign56.frm
shplank.frm
door10.frm
door11.frm
FRIDGE2.FRM
FRIDGE3.FRM
STOVEB1.FRM
STOVEB2.FRM
STOVEB3.FRM
STOVEB4.FRM
JUNK11.FRM
JUNK12.FRM
JUNK13.FRM
JUNK14.FRM
JUNK15.FRM
JUNK16.FRM
JUNK17.FRM
JUNK18.FRM
preschar.frm
stair10.frm
MAP01.FRM
MAP02.FRM
WARTABLE.FRM
PRESTABL.FRM
prestab2.frm
wartabl2.frm
tree10.frm
tree11.frm
enstairs.frm
GOLDGLBS.FRM
SHIPSC20.FRM
SHIPSC21.FRM
SHIPSC22.FRM
SHIPSC23.FRM
SHIPSC24.FRM
steam03.frm
vats1.frm
vats2.frm
vats3.frm
vats4.frm
vats5.frm
vats6.frm
vats7.frm
vats8.frm
moto1.frm
moto2.frm
moto3.frm
rathole.frm
gizsign2.frm
flies.frm
mount09.frm
mount10.frm
mount11.frm
mount12.frm
cathgrd3.frm
cathgrd4.frm
car100.frm
car101.frm
car102.frm
car103.frm
car104.frm
car110.frm
car111.frm
car112.frm
car113.frm
car114.frm
car200.frm
car201.frm
car202.frm
car210.frm
car211.frm
car212.frm
car300.frm
car301.frm
car302.frm
car400.frm
car401.frm
car402.frm
car403.frm
