reserved.frm
mtlarmor.frm
uzi.frm
ltharmor.frm
pistol.frm
sledge.frm
minigun.frm
rlaunch.frm 
rshell.frm
club.frm
flamethr.frm
grifle.frm
knife.frm
spear.frm
plasma.frm
pwrarmor.frm
cbtarmor.frm
rock.frm
magnum.frm
crowbar.frm
brsknkls.frm
lasergun.frm
smgpstle.frm
hrifle.frm
glock.frm
grenadeo.frm
grenadep.frm
grenadeq.frm
shell2.frm
stimpak.frm
10mmap.frm
10mmjhp.frm
14mmap.frm
44fmj.frm
44jhp.frm
223fmj.frm
ccells.frm
dcells.frm
5mmap.frm
5mmjhp.frm
cap2.frm
minilazr.frm
1staid.frm  
drg_rad2.frm
drug_bot.frm
dxboost2.frm
dynamit.frm 
geiger4.frm 
iv.frm      
stlthboy.frm
iceches.frm 
bagc.frm    
bcase2a.frm 
bug.frm     
cutter.frm  
deans.frm   
docbag7.frm 
elecpic.frm 
elvis.frm   
flare.frm   
frst_bk.frm 
fruit.frm   
iguana.frm  
key.frm     
keys.frm    
knife.frm   
lockpic2.frm
motion.frm  
motor.frm   
pack2c.frm  
plastic.frm 
scout.frm   
syring2.frm 
tag.frm     
tank.frm    
tape3.frm   
watch3.frm  
maxinv.frm 
knife2.frm  
passkey1.frm
passkey2.frm
pump2.frm
locket.frm  
radio3.frm  
water.frm   
zip1.frm
g&a.frm     
iguan2.frm  
science.frm 
tape_ply.frm
scorp.frm
ssshells.frm
lastdrug.frm
bottle.frm  
nukey.frm   
shotgun6.frm
oknife.frm
trophy.frm
robeinv.frm
thand.frm
ssledge2.frm
flower.frm  
vblade.frm  
lrifle.frm
jewel.frm   
ufogun.frm  
bullet.frm
gizgun1.frm
psynull.frm 
flask.frm   
rope.frm    
accard.frm  
bbadge.frm  
rbadge.frm  
sniper.frm  
stimx.frm   
bbs.frm     
beer.frm    
mola.frm    
rrbase.frm  
rrspec.frm  
schlager.frm
dynon.frm   
flareon.frm 
geigon.frm  
motionon.frm
plastion.frm
stlthon.frm 
tandi1.frm  
cprod3.frm  
lpass.frm   
toggle.frm  
passkey3.frm
beny.frm    
cat.frm     
chef.frm    
dinner.frm  
natr.frm    
bag.frm
motivatr.frm
brsnuck.frm 
gaunt.frm   
knife3.frm  
plas2.frm   
comba2a.frm 
tesla.frm
decker.frm  
assshot.frm 
ANNABONE.FRM
ANNALOCK.FRM
CARBATRY.FRM
CARTURBO.FRM
DAYPASS.FRM
FAKECITZ.FRM
GOLDWATC.FRM
HYMGPART.FRM
JET.FRM
JETANTI.FRM
JONBBGUN.FRM
RUBRBOOT.FRM
SLAGMESS.FRM
SMITHITM.FRM
SPLEATHR.FRM
VICRADIO.FRM
VICWATRF.FRM
HKCAWS.FRM
robotprt.frm
robtrock.frm
brocflwr.frm
xander.frm
healpwdr.frm
robtroc2.frm
pelt1.frm
pelt2.frm
flint.frm
NEURAL.FRM
SPEAR2.FRM
eye1.frm
eye2.frm
tommygun.frm
drymeat.frm
radslimb.frm
firewood.frm
hrifle2.frm
carfuel.frm
shovel1.frm
rbtmelee.frm
boxglove.frm
fakeholo.frm
cheezy.frm
hkp90c.frm
plank1.frm
ZIPGUN.FRM
springun.frm
clipbrd.frm
cards1.frm
trans01.frm
SUPRTOOL.FRM
TALISMAN.FRM
GAMABEER.FRM
ROENBEER.FRM
REQFORM1.FRM
MAGNUM2.FRM
CONDOMBL.FRM
CONDOMGR.FRM
CONDOMRD.FRM
COSMETIC.FRM
HYPO01.FRM
switchbd.frm
spear3.frm
BRAIN1.FRM
BRAIN2.FRM
BRAIN3.FRM
BRAIN4.FRM
DICE1.FRM
DICE2.FRM
EASTREGG.FRM
MAG8BALL.FRM
MUTASYRM.FRM
CATPAW2.FRM
greasegn.frm
HEARTPIL.FRM
POISON.FRM
DOCPAPER.FRM
prespass.frm
RANGER1.FRM
RANGER2.FRM
parmor2.frm
bozar.frm
fnfal.frm
hkg11.frm
indweap.frm
jackhamr.frm
lightsup.frm
voicemod.frm
2MMEC.FRM
45CAL.FRM
4_7MM.FRM
9MM.FRM
HNAPCART.FRM
HNCART.FRM
762mm.frm
plntspik.frm
geck.frm
dclaw1.frm
dclaw2.frm
v15comp.frm
cookie1.frm
mtlarmr2.frm
cbtarmr2.frm
ltharmr2.frm
fAID2.FRM
44MSPEED.FRM
AMINIGUN.FRM
ASSRIFL2.FRM
CATPROD2.FRM
DEAGLE2.FRM
DOCBAG2.FRM
ELOCKPK2.FRM
EXLOCKPK.FRM
FLMFUEL2.FRM
FNFALLOW.FRM
GAUSSPTL.FRM
HKG11E.FRM
IFLAMETH.FRM
LRIFLE2.FRM
M60.FRM
M72GAUSS.FRM
MLASPIST.FRM
MPWRFIST.FRM
NEEDLER.FRM
PHAZER.FRM
plaspst2.frm
PULSEPST.FRM
PULSERIF.FRM
shiv.frm
SLUGGER.FRM
SOLARSCR.FRM
SOSHOTGN.FRM
VMINIGUN.FRM
wrench.frm
oilcan.frm
idbadge.frm
glasses.frm
jet2.frm
oxygncan.frm
poisncan.frm
minepart.frm
minescrp.frm
holygren.frm
exchip.frm
rock2.frm
rock3.frm
rock4.frm
geckfire.frm
bagd.frm
goldtoth.frm
howshell.frm
rambox1.frm
rambox2.frm
sunglass.frm
cards2.frm
cards3.frm
keyprim.frm
JAR.FRM
POCKLINT.FRM
donotuse.frm
raidmap.frm
sbadge.frm
vertipln.frm
acountbk.frm
TPAPER1.frm
TPAPER2.FRM
TPAPER3.FRM
TPAPER4.FRM
key2.frm
clipbrd2.frm
smitfood.frm
key3.frm
key4.frm
key5.frm
gutrot.frm
ballgag.frm
beckbook.frm
toe.frm
pot.frm
DISK1.FRM
DISK2.FRM
DISK3.FRM
DISK4.FRM
DISK5.FRM
DISK6.FRM
DISK7.FRM
idbadge2.frm
paper1.frm
pwpaper.frm
paper2.frm
navcom.frm
boxglov2.frm
bonusagl.frm
bonusint.frm
bonusstr.frm
f2hintbk.frm
ear1.frm
EAR2.FRM
boxweap1.frm
nixon.frm
tankrfob.frm
KOKOWEEF.FRM
PRES_KEY.FRM
gunturet.frm
PIPLING.FRM
chipblu.frm
chipgre.frm
CHIPRED.FRM
CHIPYEL.FRM
body.frm
rubrbod1.frm
RUBRBOD2.FRM
pipmed.frm
JKNIFE.FRM
gunautoc.frm
botlcaps.frm
wknife.frm
fedhypo.frm
boss01.frm
BOSS02.FRM
