reserved.frm
grid000.frm
brick01.frm
brick02.frm
brick03.frm
brick04.frm
brick05.frm
brick06.frm
brick07.frm
brick08.frm
brick09.frm
brick10.frm
brick11.frm
brick12.frm
brick13.frm
brick14.frm
brick15.frm
brick16.frm
brn1000.frm
brn1001.frm
capb000.frm
cav1000.frm
cav1001.frm
cav1002.frm
cav1003.frm
cav1004.frm
cav1004.frm
cav1005.frm
cav1005.frm
cav1006.frm
cav1006.frm
cav1007.frm
cav1007.frm
cav1008.frm
cav1008.frm
cav1009.frm
cav1009.frm
cav2000.frm
cav2000.frm
cav2001.frm
cav2001.frm
cav2002.frm
cav2002.frm
cav2003.frm
cav2003.frm
cav3000.frm
cav3000.frm
cav3001.frm
cav3001.frm
cav3002.frm
cav3002.frm
cav3003.frm
cav3003.frm
cav3004.frm
cav3004.frm
cav3005.frm
cav3005.frm
cav4000.frm
cav4000.frm
cav4001.frm
cav4001.frm
cav4002.frm
cav4002.frm
cav4003.frm
cav4003.frm
cav4004.frm
cav4005.frm
cav4006.frm
cav4007.frm
cav4008.frm
cav4009.frm
cav4010.frm
cav4011.frm
cav4012.frm
cav4013.frm
cav4014.frm
cmt1000.frm
cmt2000.frm
cmt3000.frm
cmt4000.frm
cmt5000.frm
cmt6000.frm
cmt7000.frm
cmt8000.frm
crbm000.frm
crbm001.frm
crbm002.frm
crbm003.frm
crbm004.frm
crbm005.frm
crbm006.frm
crbm007.frm
crbm008.frm
crbm009.frm
crbm010.frm
crbm011.frm
crbm012.frm
crbm013.frm
crbm014.frm
crbm015.frm
crbm016.frm
crbm017.frm
crtp000.frm
crtp001.frm
crtp002.frm
crtp003.frm
crtp004.frm
crtp005.frm
crtp006.frm
crtp007.frm
crtp008.frm
crtp009.frm
crtp010.frm
crtp011.frm
crtp012.frm
crtp013.frm
crtp014.frm
curb01.frm
curb02.frm
curb03.frm
curb04.frm
curb05.frm
curb06.frm
curb07.frm
curb08.frm
curb09.frm
curb10.frm
curb11.frm
curb12.frm
curb13.frm
curb14.frm
curb15.frm
curb16.frm
curb17.frm
curb18.frm
curb19.frm
curb20.frm
curb21.frm
curb22.frm
curb23.frm
curb24.frm
curb25.frm
curb26.frm
curb27.frm
curb28.frm
curb29.frm
curb30.frm
curb31.frm
curb32.frm
curb33.frm
curb34.frm
curb35.frm
curb36.frm
curb37.frm
curb38.frm
curb39.frm
curb40.frm
curb41.frm
curb42.frm
curb43.frm
curb44.frm
curb45.frm
curb46.frm
curb47.frm
curb48.frm
curb49.frm
curb50.frm
curb51.frm
curb52.frm
curb53.frm
curb54.frm
curb55.frm
edg1000.frm
edg1001.frm
edg1002.frm
edg1003.frm
edg2000.frm
edg2001.frm
edg2002.frm
edg2003.frm
edg3000.frm
edg3001.frm
edg4000.frm
edg4001.frm
edg4002.frm
edg4003.frm
edg4004.frm
edg4005.frm
edg4006.frm
edg4007.frm
edg4008.frm
edg5000.frm
edg5001.frm
edg5002.frm
edg5003.frm
edg5004.frm
edg5005.frm
edg5006.frm
edg5007.frm
edg5008.frm
edg6000.frm
edg6001.frm
edg6002.frm
edg6003.frm
edg6004.frm
edg6005.frm
edg6006.frm
edg6007.frm
edg6008.frm
edg6009.frm
edg6010.frm
edg6011.frm
edg7000.frm
edg7001.frm
edg7002.frm
edg7003.frm
edgs000.frm
edgs001.frm
edgs002.frm
edgs003.frm
edgs004.frm
fom1000.frm
grid001.frm
grt2000.frm
grt2001.frm
plk1000.frm
plk2000.frm
plk3000.frm
plk3001.frm
plk4000.frm
plk5000.frm
plk6000.frm
plk7000.frm
plt1000.frm
plt2000.frm
plt3000.frm
road01.frm
road02.frm
road03.frm
road04.frm
road05.frm
road06.frm
road07.frm
road08.frm
road09.frm
road10.frm
road11.frm
road12.frm
road13.frm
road14.frm
road15.frm
road16.frm
road17.frm
road18.frm
road19.frm
road20.frm
road21.frm
road22.frm
road23.frm
road24.frm
road25.frm
road26.frm
road27.frm
road28.frm
road29.frm
road30.frm
road31.frm
road32.frm
road33.frm
road34.frm
road35.frm
road36.frm
road37.frm
road38.frm
road39.frm
rst1000.frm
rst1001.frm
rst1002.frm
rst1003.frm
ruf1000.frm
ruf1001.frm
ruf2000.frm
ruf2001.frm
ruf2002.frm
ruf2003.frm
ruf2004.frm
ruf2005.frm
ruf2006.frm
ruf2007.frm
ruf2008.frm
ruf3000.frm
ruf3001.frm
ruf4000.frm
stlflr01.frm
stlflr02.frm
stlflr03.frm
stlflr04.frm
stlflr05.frm
stlflr06.frm
stop000.frm
stop001.frm
stop002.frm
stop003.frm
stop004.frm
stop005.frm
stop006.frm
stop007.frm
stop008.frm
stop009.frm
stop010.frm
stop011.frm
stop012.frm
stop013.frm
stop014.frm
stop015.frm
stop016.frm
stop017.frm
stop018.frm
stop019.frm
stop020.frm
stop021.frm
stop022.frm
stop023.frm
stop024.frm
stop025.frm
stop026.frm
stop027.frm
tp010.frm
tp011.frm
tp012.frm
tp013.frm
tp014.frm
tp015.frm
tp016.frm
tp017.frm
tp018.frm
tp019.frm
tp020.frm
tp021.frm
tp022.frm
tp023.frm
tp024.frm
tp025.frm
tp026.frm
tp027.frm
tp028.frm
tp029.frm
tp030.frm
tp031.frm
tp032.frm
tp033.frm
tp034.frm
tp035.frm
tp036.frm
tp037.frm
tp038.frm
tp039.frm
tp040.frm
tp041.frm
tp042.frm
tp043.frm
tp044.frm
tp045.frm
tp046.frm
tp047.frm
tp048.frm
tp049.frm
tp050.frm
tp051.frm
tp052.frm
tp053.frm
tp054.frm
tp055.frm
tp056.frm
tp057.frm
tp058.frm
tp059.frm
tp060.frm
tp061.frm
tp062.frm
tp063.frm
tp064.frm
tp065.frm
tp066.frm
tp067.frm
tp068.frm
tp069.frm
tp070.frm
tp071.frm
tp072.frm
tp073.frm
tp074.frm
tp075.frm
tp076.frm
tp077.frm
tp078.frm
tp079.frm
tp080.frm
tp081.frm
tp082.frm
tp083.frm
tp084.frm
tp085.frm
tp086.frm
tp087.frm
tp088.frm
tp089.frm
tp090.frm
tp091.frm
tp092.frm
tp093.frm
tp094.frm
tp095.frm
tp096.frm
tp097.frm
tp098.frm
tp099.frm
tp100.frm
tp101.frm
tp102.frm
tp103.frm
tp104.frm
tp105.frm
tp106.frm
tp107.frm
tp108.frm
tp109.frm
tp110.frm
tp111.frm
tp112.frm
tp113.frm
tp114.frm
tp115.frm
tp116.frm
tp117.frm
tp118.frm
tp119.frm
tp120.frm
tp121.frm
tp122.frm
tp123.frm
tp124.frm
tp125.frm
tp126.frm
tp127.frm
tp128.frm
tp129.frm
tp130.frm
tp131.frm
tp132.frm
tp133.frm
tp134.frm
tp135.frm
tp136.frm
tp137.frm
tp138.frm
tp139.frm
tp140.frm
tp141.frm
tp142.frm
tp143.frm
tp144.frm
tp145.frm
tp146.frm
tp147.frm
tp148.frm
tp149.frm
tp150.frm
tp151.frm
tp152.frm
tp153.frm
tp154.frm
tp155.frm
tp156.frm
tp157.frm
tp158.frm
tp159.frm
tp160.frm
tp161.frm
tp162.frm
tp163.frm
tp164.frm
tp165.frm
tp166.frm
tp167.frm
tp168.frm
tp169.frm
tp170.frm
tp171.frm
tp172.frm
tp173.frm
tp174.frm
tp175.frm
tp176.frm
tp177.frm
tp178.frm
tp179.frm
tp180.frm
tp181.frm
tp182.frm
tp183.frm
tp184.frm
tp185.frm
tp186.frm
tp187.frm
tp188.frm
tp189.frm
tp190.frm   
bld1000.frm 
bld1001.frm 
bld1002.frm 
bld1003.frm 
bld1004.frm 
bld1005.frm 
bld1006.frm 
bld1007.frm 
bld1008.frm 
bld1009.frm 
bld1010.frm 
bld1011.frm 
bld1012.frm 
bld1013.frm 
bld1014.frm 
bld1015.frm 
bld1016.frm 
bld1017.frm 
bld1018.frm 
bld1019.frm 
bld1020.frm 
bld1021.frm 
bld1022.frm 
bld1023.frm 
bld1024.frm 
bld1025.frm 
bld1026.frm 
bld1027.frm 
bld1028.frm 
bld1029.frm 
bld1030.frm 
bld1031.frm 
bld1032.frm 
bld1033.frm 
bld1034.frm 
bld1035.frm 
bld1036.frm 
bld1037.frm 
bld1038.frm 
bld1039.frm 
bld1040.frm 
bld1041.frm 
bld1042.frm 
bld1043.frm 
bld1044.frm 
bld1045.frm 
bld1046.frm 
bld1047.frm 
bld1048.frm 
bld1049.frm 
bld1050.frm 
bld1051.frm 
bld1052.frm 
bld1053.frm 
bld1054.frm 
bld1055.frm 
bld1056.frm 
bld1057.frm 
bld1058.frm 
bld1059.frm 
bld1060.frm 
bld1061.frm 
bld1062.frm 
bld1063.frm 
bld1064.frm 
bld1065.frm 
bld1066.frm 
bld1067.frm 
bld1068.frm 
bld1069.frm 
bld1070.frm 
bld1071.frm 
bld1072.frm 
bld1073.frm 
bld1074.frm 
bld1075.frm 
bld1076.frm 
bld1077.frm 
bld1078.frm 
bld1079.frm 
bld1080.frm 
bld1081.frm 
bld1082.frm 
bld1083.frm 
bld1084.frm 
bld1085.frm 
bld1086.frm 
bld1087.frm 
bld1088.frm 
bld1089.frm 
bld1090.frm 
bld1091.frm 
bld1092.frm 
bld1093.frm 
bld1094.frm 
bld1095.frm 
bld1096.frm 
bld1097.frm 
bld1098.frm 
bld1099.frm 
bld1100.frm 
bld1101.frm 
bld1102.frm 
bld1103.frm 
bld1104.frm 
bld1105.frm 
bld1106.frm 
bld1107.frm 
bld2000.frm 
bld2001.frm 
bld2002.frm 
bld2003.frm 
bld2004.frm 
bld2005.frm 
bld2006.frm 
bld2007.frm 
bld2008.frm 
bld2009.frm 
bld2010.frm 
bld2011.frm 
bld2012.frm 
bld2013.frm 
bld2014.frm 
bld2015.frm 
bld2016.frm 
bld2017.frm 
bld2018.frm 
bld2019.frm 
bld2020.frm 
bld2021.frm 
bld2022.frm 
bld2023.frm 
bld2024.frm 
bld2025.frm 
bld2026.frm 
bld2027.frm 
bld2028.frm 
bld2029.frm 
bld2030.frm 
bld2031.frm 
bld2032.frm 
bld2033.frm 
bld2034.frm 
bld2035.frm 
bld2036.frm 
bld2037.frm 
bld2038.frm 
bld2039.frm 
bld2040.frm 
bld2041.frm 
bld2042.frm 
bld2043.frm 
cabrik01.frm
towr01.frm  
towr02.frm  
towr03.frm  
towr04.frm  
towr05.frm  
towr06.frm  
towr07.frm  
towr08.frm  
towr09.frm  
towr10.frm  
towr11.frm  
towr12.frm  
towr13.frm  
towr14.frm  
towr15.frm  
towr16.frm  
towr17.frm  
towr18.frm  
adb001.frm  
adb002.frm  
adb003.frm  
adb004.frm  
adb005.frm  
adb006.frm  
adb007.frm  
adb008.frm  
adb009.frm  
adb010.frm  
adb011.frm  
adb012.frm  
adb013.frm  
adb014.frm  
adb015.frm  
adb016.frm  
adb017.frm  
adb018.frm  
adb019.frm  
adb020.frm  
adb021.frm  
adb022.frm  
adb023.frm  
adb024.frm  
adb025.frm  
adb026.frm  
adb027.frm  
adb028.frm  
adb029.frm  
adb030.frm  
adb031.frm  
adb032.frm  
adb033.frm  
adb034.frm  
adb035.frm  
adb036.frm
gar2000.frm 
gar2001.frm 
gar2002.frm 
gar2003.frm 
gar2004.frm
yrf1000.frm 
yrf1001.frm 
yrf1002.frm 
yrf1003.frm 
yrf1004.frm 
yrf1005.frm 
yrf1006.frm 
yrf1007.frm 
yrf1008.frm 
yrf1009.frm 
yrf1010.frm 
yrf1011.frm 
yrf1012.frm 
yrf1013.frm 
yrf1014.frm 
yrf1015.frm 
yrf1016.frm 
yrf1017.frm 
yrf1018.frm 
yrf1019.frm 
yrf1020.frm 
yrf1021.frm 
yrf1022.frm 
yrf1023.frm 
yrf1024.frm 
yrf1025.frm 
yrf1026.frm 
yrf1027.frm 
yrf2007.frm 
yrf2012.frm 
yrf2017.frm 
yrf2018.frm 
yrf2023.frm 
yrf2024.frm 
yrf2025.frm 
yrf2026.frm 
yrf2027.frm
saus000.frm 
saus001.frm 
saus002.frm 
saus003.frm 
saus004.frm 
saus005.frm 
saus006.frm 
saus007.frm 
saus008.frm 
saus009.frm 
saus010.frm 
saus011.frm 
saus012.frm 
saus013.frm 
saus014.frm 
saus015.frm 
saus016.frm 
saus017.frm 
saus018.frm 
saus019.frm 
saus020.frm 
saus021.frm 
saus022.frm 
saus023.frm 
saus024.frm 
saus025.frm 
saus026.frm 
saus027.frm 
saus028.frm 
saus029.frm 
saus030.frm 
saus031.frm 
saus032.frm 
saus033.frm 
saus034.frm 
saus035.frm 
saus036.frm 
saus037.frm 
saus038.frm 
saus039.frm 
saus040.frm 
saus041.frm 
saus042.frm 
saus043.frm 
saus044.frm 
shore01.frm 
shore02.frm 
shore03.frm 
shore04.frm 
shore05.frm 
shore06.frm 
shore07.frm 
shore08.frm 
shore09.frm 
shore10.frm 
grof000.frm 
grof001.frm 
grof002.frm 
grof003.frm 
grof004.frm 
grof005.frm 
grof006.frm 
grof007.frm 
grof008.frm 
grof009.frm 
grof010.frm 
grof011.frm 
grof012.frm 
grof013.frm 
grof014.frm 
grof015.frm 
grof016.frm 
grof017.frm 
grof018.frm 
grof019.frm 
grof020.frm 
grof021.frm 
grof022.frm 
grof023.frm 
grof024.frm 
grof025.frm 
grof026.frm 
grof027.frm 
grof028.frm 
grof029.frm 
grof030.frm 
grof031.frm 
grof032.frm 
grof033.frm 
grof034.frm 
grof035.frm 
grof036.frm 
grof037.frm 
grof038.frm 
grof039.frm 
grof040.frm 
grof041.frm 
grof042.frm 
grof043.frm 
grof044.frm 
grof045.frm 
grof046.frm 
grof047.frm 
grof048.frm 
grof049.frm 
grof050.frm 
grof051.frm 
grof052.frm 
grof053.frm 
grof054.frm 
grof055.frm 
grof056.frm 
grof057.frm 
grof058.frm 
grof059.frm 
grof060.frm 
grof061.frm 
grof062.frm 
grof063.frm 
grof064.frm 
grof065.frm 
grof066.frm 
grof067.frm 
grof068.frm 
grof069.frm 
grof070.frm 
grof071.frm 
grof072.frm 
grof073.frm 
grof074.frm 
grof075.frm 
grof076.frm 
grof077.frm 
grof078.frm 
grof079.frm 
grof080.frm 
grof081.frm 
grof082.frm 
grof083.frm 
grof084.frm 
grof085.frm 
grof086.frm 
grof087.frm 
grof088.frm 
grof089.frm 
grof090.frm 
grof091.frm 
grof092.frm 
grof093.frm 
grof094.frm 
grof095.frm 
grof096.frm 
grof097.frm 
grof098.frm 
grof099.frm 
grof100.frm 
grof101.frm 
mbrf000.frm 
mbrf001.frm 
mbrf002.frm 
mbrf003.frm 
mbrf004.frm 
mbrf005.frm 
mbrf006.frm 
mbrf007.frm 
mbrf008.frm 
mbrf009.frm 
mbrf010.frm 
mbrf011.frm 
mbrf012.frm 
mbrf013.frm 
mbrf014.frm 
mbrf015.frm 
mbrf016.frm 
mbrf017.frm 
mbrf018.frm 
mbrf019.frm 
mbrf020.frm 
mbrf021.frm 
mbrf022.frm 
mbrf023.frm 
mbrf024.frm 
mbrf025.frm 
mbrf026.frm 
mbrf027.frm 
mbrf028.frm 
mbrf029.frm 
mbrf030.frm 
mbrf031.frm 
mbrf032.frm 
mbrf033.frm 
mbrf034.frm 
mbrf035.frm 
mbrf036.frm 
mbrf037.frm 
mbrf038.frm 
mbrf039.frm 
mbrf040.frm 
mbrf041.frm 
mbrf042.frm 
mbrf043.frm 
mbrf044.frm 
mbrf045.frm 
mbrf046.frm 
mbrf047.frm 
mbrf048.frm 
mbrf049.frm 
mbrf050.frm 
mbrf051.frm 
mbrf052.frm 
mbrf053.frm 
mbrf054.frm 
mbrf055.frm 
mbrf056.frm 
mbrf057.frm 
mbrf058.frm 
mbrf059.frm 
mbrf060.frm 
mbrf061.frm 
mbrf062.frm 
mbrf063.frm 
mbrf064.frm 
mbrf065.frm 
mbrf066.frm 
mbrf067.frm 
mbrf068.frm 
mbrf069.frm 
mbrf070.frm 
mbrf071.frm 
mbrf072.frm 
mbrf073.frm 
mbrf074.frm 
mbrf075.frm 
mbrf076.frm 
mbrf077.frm 
mbrf078.frm 
mbrf079.frm 
mbrf080.frm 
mbrf081.frm 
mbrf082.frm 
mbrf083.frm 
mbrf084.frm 
mbrf085.frm 
mbrf086.frm 
mbrf087.frm 
mbrf088.frm 
mbrf089.frm 
mbrf090.frm 
mbrf091.frm 
mbrf092.frm 
mbrf093.frm 
mbrf094.frm 
mbrf095.frm 
mbrf096.frm 
mbrf097.frm 
mbrf098.frm 
mbrf099.frm 
mbrf100.frm 
mbrf101.frm 
mbrf102.frm 
mbrf103.frm 
mbrf104.frm 
mbrf105.frm 
mbrf106.frm 
mbrf107.frm 
mbrf108.frm 
mbrf109.frm 
mbrf110.frm 
mbrf111.frm 
mbrf112.frm 
mbrf113.frm 
mbrf114.frm 
mbrf115.frm 
mbrf116.frm 
mbrf117.frm 
mbrf118.frm 
mbrf119.frm 
mbrf120.frm 
mbrf121.frm 
mbrf122.frm 
mbrf123.frm 
mbrf124.frm 
mbrf125.frm 
ment000.frm 
ment001.frm 
ment002.frm 
ment003.frm 
ment004.frm 
ment005.frm 
ment006.frm 
ment007.frm 
ment008.frm 
ment009.frm 
ment010.frm 
ment011.frm 
ment012.frm 
slime00.frm 
slime01.frm 
slime02.frm 
slime03.frm 
slime04.frm 
slime05.frm 
slime06.frm 
slime07.frm 
slime08.frm 
slime09.frm 
slime10.frm 
slime11.frm 
slime12.frm 
slime13.frm 
slime14.frm 
slime15.frm 
slime16.frm 
slime17.frm 
slime18.frm 
slime19.frm 
slime20.frm 
slime21.frm 
slime22.frm 
slime23.frm 
slime24.frm 
slime25.frm 
slime26.frm 
slime27.frm 
wroof01.frm 
wroof02.frm 
wroof03.frm 
wroof04.frm 
wroof05.frm 
wroof06.frm 
wroof07.frm 
wroof08.frm 
wroof09.frm 
wroof10.frm 
wroof11.frm 
wroof12.frm 
wroof13.frm 
wroof14.frm 
wroof15.frm 
hola000.frm 
hola001.frm 
hola002.frm 
hola003.frm 
hola004.frm 
hola005.frm 
hola006.frm 
hola007.frm 
hola008.frm 
hola009.frm 
hola010.frm 
hola011.frm 
hola012.frm 
hola013.frm 
hola014.frm 
hola015.frm 
hola016.frm 
hola017.frm 
hola018.frm 
hola019.frm 
hola020.frm 
hola021.frm 
hola022.frm 
hola023.frm 
hola024.frm 
hola025.frm 
hola026.frm 
hola027.frm 
hola028.frm 
hola029.frm 
hola030.frm 
hola031.frm 
hola032.frm 
hola033.frm 
hola034.frm 
hola035.frm 
hola036.frm 
hola037.frm 
hola038.frm 
hola039.frm 
hola040.frm 
hola041.frm 
hola042.frm 
hola043.frm 
hola044.frm 
hola045.frm 
hola046.frm 
hola047.frm 
hola048.frm 
hola049.frm 
hola050.frm 
hola051.frm 
hola052.frm 
hola053.frm 
hola054.frm 
hola055.frm 
hola056.frm 
hola057.frm 
hola058.frm 
hola059.frm 
hola060.frm 
hola061.frm 
hola062.frm 
hola063.frm 
hola064.frm 
hola065.frm 
hola066.frm 
hola067.frm 
hola068.frm 
hola069.frm 
hola070.frm 
hola071.frm 
hola072.frm 
hola073.frm 
hola074.frm 
hola075.frm 
hola076.frm 
hola077.frm 
hola078.frm 
hola079.frm 
hola080.frm 
hola081.frm 
hola082.frm 
hola083.frm 
hola084.frm 
hola085.frm 
hola086.frm 
hola087.frm 
hola088.frm 
hola089.frm 
hola090.frm 
hola091.frm 
hola092.frm 
hola093.frm 
hola094.frm 
hola095.frm 
hola096.frm 
hola097.frm 
hola098.frm 
hola099.frm 
hola100.frm 
hola101.frm 
hola102.frm 
hola103.frm 
hola104.frm 
hola105.frm 
hola106.frm 
hola107.frm 
hola108.frm 
hola109.frm 
hola110.frm 
hola111.frm 
hola112.frm 
hola113.frm 
hola114.frm 
hola115.frm 
hola116.frm 
hola117.frm 
hola118.frm 
hola119.frm 
hola120.frm 
hola121.frm 
hola122.frm 
hola123.frm 
hola124.frm 
hola125.frm 
hola126.frm 
hola127.frm 
hola128.frm 
hola129.frm 
hola130.frm 
hola131.frm 
holb000.frm 
holb001.frm 
holb002.frm 
holb003.frm 
holb004.frm 
holb005.frm 
holb006.frm 
holb007.frm 
holb008.frm 
holb009.frm 
holb010.frm 
holb011.frm 
holb012.frm 
holb013.frm 
holb014.frm 
holb015.frm 
holb016.frm 
holb017.frm 
holb018.frm 
holb019.frm 
holb020.frm 
holb021.frm 
holb022.frm 
holb023.frm 
holb024.frm 
holb025.frm 
holb026.frm 
holb027.frm 
holb028.frm 
holb029.frm 
holb030.frm 
holb031.frm 
holb032.frm 
holb033.frm 
holb034.frm 
holb035.frm 
holb036.frm 
holb037.frm 
holb038.frm 
holb039.frm 
holb040.frm 
holb041.frm 
holb042.frm 
holb043.frm 
holb044.frm 
holb045.frm 
holb046.frm 
holb047.frm 
holb048.frm 
holb049.frm 
holb050.frm 
holb051.frm 
holb052.frm 
holb053.frm 
holb054.frm 
holb055.frm 
holb056.frm 
holb057.frm 
holb058.frm 
holb059.frm 
holb060.frm 
holb061.frm 
holb062.frm 
holb063.frm 
holb064.frm 
holb065.frm 
holb066.frm 
holb067.frm 
holb068.frm 
holb069.frm 
holb070.frm 
holb071.frm 
holb072.frm 
holb073.frm 
holb074.frm 
holb075.frm 
holb076.frm 
holb077.frm 
holb078.frm 
holb079.frm 
holb080.frm 
holb081.frm 
holb082.frm 
holb083.frm 
holb084.frm 
holb085.frm 
holb086.frm 
holb087.frm 
holb088.frm 
holb089.frm 
holb090.frm 
holb091.frm 
holb092.frm 
holb093.frm 
holc000.frm 
holc001.frm 
holc002.frm 
holc003.frm 
holc004.frm 
holc005.frm 
holc006.frm 
holc007.frm 
holc008.frm 
holc009.frm 
holc010.frm 
holc011.frm 
holc012.frm 
holc013.frm 
holc014.frm 
holc015.frm 
holc016.frm 
holc017.frm 
holc018.frm 
holc019.frm 
holc020.frm 
holc021.frm 
holc022.frm 
holc023.frm 
holc024.frm 
holc025.frm 
holc026.frm 
holc027.frm 
holc028.frm 
holc029.frm 
holc030.frm 
holc031.frm 
holc032.frm 
holc033.frm 
holc034.frm 
holc035.frm 
holc036.frm 
holc037.frm 
holc038.frm 
holc039.frm 
holc040.frm 
holc041.frm 
holc042.frm 
holc043.frm 
holc044.frm 
holc045.frm 
holc046.frm 
holc047.frm 
holc048.frm 
holc049.frm 
holc050.frm 
holc051.frm 
holc052.frm 
aft1000.frm 
aft1001.frm 
aft1002.frm 
aft1003.frm 
aft1004.frm 
aft1005.frm 
aft1006.frm 
aft1007.frm 
aft1008.frm 
aft1009.frm 
aft1010.frm 
aft1011.frm 
aft1012.frm 
aft1013.frm 
aft1014.frm 
jrt1000.frm 
jrt1001.frm 
jrt1002.frm 
jrt2000.frm 
jrt2001.frm 
jrt2002.frm 
crta000.frm 
crta001.frm 
crta002.frm 
crta003.frm 
crta004.frm 
crta005.frm 
crta006.frm 
crta007.frm 
crta008.frm 
crta009.frm 
crta010.frm 
crta011.frm 
crta012.frm 
crta013.frm 
crta014.frm 
crta015.frm 
crta016.frm 
crta017.frm 
crta018.frm 
crtb000.frm 
crtb001.frm 
crtb002.frm 
crtb003.frm 
crtb004.frm 
crtb005.frm 
crtb006.frm 
crtb007.frm 
crtb008.frm 
crtb009.frm 
foot000.frm 
foot001.frm 
foot002.frm 
foot003.frm 
foot004.frm 
foot005.frm 
foot006.frm 
foot007.frm 
foot008.frm 
foot009.frm 
foot010.frm 
foot011.frm 
foot012.frm 
foot013.frm 
foot014.frm 
foot015.frm 
foot016.frm 
foot017.frm 
foot018.frm 
foot019.frm 
foot020.frm 
foot021.frm 
foot022.frm 
foot023.frm 
foot024.frm 
foot025.frm 
foot026.frm 
foot027.frm 
foot028.frm 
foot029.frm 
foot030.frm 
foot031.frm 
foot032.frm 
tank000.frm 
tank001.frm 
tank002.frm 
tank003.frm 
tank004.frm 
tank005.frm 
tank006.frm 
tank007.frm 
tank008.frm 
tank009.frm 
tank010.frm 
tank011.frm 
tank012.frm 
tank013.frm 
tank014.frm 
tank015.frm 
tank016.frm 
tank017.frm 
tank018.frm 
tank019.frm 
tank020.frm 
tank021.frm 
tank022.frm 
tank023.frm 
tank024.frm 
tank025.frm 
tank026.frm 
tank027.frm 
tank028.frm 
tank029.frm 
tank030.frm 
tank031.frm 
tank032.frm 
tank033.frm 
tank034.frm 
tank035.frm 
tank036.frm 
tank037.frm 
tank038.frm 
tank039.frm 
tank040.frm 
tank041.frm 
mbrf201.frm 
mbrf202.frm 
mbrf203.frm 
mnta000.frm 
mnta001.frm 
mnta002.frm 
mnta003.frm 
mnta004.frm 
mnta005.frm 
mnta006.frm 
mnta007.frm 
mnta008.frm 
mnta009.frm 
mnta010.frm 
mnta011.frm 
mnta012.frm 
mnta013.frm 
mnta014.frm 
mnta015.frm 
mnta016.frm 
mnta017.frm 
mnta018.frm 
mnta019.frm 
mnta020.frm 
mnta021.frm 
mnta022.frm 
mnta023.frm 
mntb000.frm 
mntb001.frm 
mntb002.frm 
mntb003.frm 
mntb004.frm 
mntb005.frm 
mntb006.frm 
mntb007.frm 
mntb008.frm 
mntb009.frm 
mntb010.frm 
mntb011.frm 
mntb012.frm 
mntb013.frm 
mntb014.frm 
mntb015.frm 
mntb016.frm 
mntb017.frm 
mntb018.frm 
mntb019.frm 
mntb020.frm 
mntb021.frm 
mntb022.frm 
mntb023.frm 
mntb024.frm 
mntb025.frm 
mntb026.frm 
mntc000.frm 
mntc001.frm 
mntc002.frm 
mntc003.frm 
mntc004.frm 
mntc005.frm 
mntc006.frm 
mntc007.frm 
mntc008.frm 
mntc009.frm 
mntc010.frm 
mntc011.frm 
mntc012.frm 
mntc013.frm 
mntc014.frm 
mntc015.frm 
mntc016.frm 
mntc017.frm 
mntc018.frm 
mntd000.frm 
mntd001.frm 
mntd002.frm 
mntd003.frm 
mntd004.frm 
mntd005.frm 
mntd006.frm 
mntd007.frm 
mntd008.frm 
mntd009.frm 
mntd010.frm 
mntd011.frm 
mntd012.frm 
mntd013.frm 
mntd014.frm 
mntd015.frm 
mntd016.frm 
mntd017.frm 
mntd018.frm 
mntd019.frm 
mntd020.frm 
mntd021.frm 
mntd022.frm 
mntd023.frm 
mntd024.frm 
mntd025.frm 
mntd026.frm 
mntd027.frm 
mntd028.frm 
mntd029.frm 
mntd030.frm 
mntd031.frm 
mntd032.frm 
mntd033.frm 
mntd034.frm 
mntd035.frm 
mntd036.frm 
mntd037.frm 
cavrof01.frm
cavrof02.frm
cavrof03.frm
cavrof04.frm
cavrof05.frm
cavrof06.frm
cavrof07.frm
cavrof08.frm
mstrflr1.frm
mstrflr2.frm
ARFL001.FRM
ARFL002.FRM
ARFL003.FRM
ARFL004.FRM
ARFL005.FRM
ARFL006.FRM
ARFL007.FRM
ARFL008.FRM
ARFL009.FRM
ARFL010.FRM
ARRF000.FRM
ARRF001.FRM
ARRF002.FRM
ARRF003.FRM
ARRF004.FRM
ARRF005.FRM
ARRF006.FRM
ARRF007.FRM
ARRF008.FRM
ARRF009.FRM
ARRF010.FRM
ARRF011.FRM
ARRF012.FRM
ARRF013.FRM
ARRF014.FRM
ARRF015.FRM
ARRF016.FRM
ARRF017.FRM
ARRF018.FRM
ARRF019.FRM
ARRF020.FRM
ARRF021.FRM
ARRF022.FRM
ARRF023.FRM
ARRF024.FRM
ARRF025.FRM
ARRF026.FRM
ARRF027.FRM
ARRF028.FRM
ARRF029.FRM
ARRF030.FRM
ARRF031.FRM
ARRF032.FRM
ARRF033.FRM
ARRF034.FRM
ARRF035.FRM
ARRF036.FRM
ARRF037.FRM
ARRF038.FRM
ARRF039.FRM
ARRF040.FRM
brda000.frm
brda001.frm
brda002.frm
brda003.frm
brda004.frm
brda005.frm
brda006.frm
brda007.frm
brda008.frm
brda009.frm
brda010.frm
brda011.frm
brda012.frm
brda013.frm
brda014.frm
brda015.frm
brda016.frm
brda017.frm
brda018.frm
brda019.frm
brda020.frm
brda021.frm
brda022.frm
brda023.frm
brda024.frm
brda025.frm
brda026.frm
brda027.frm
brda028.frm
brda029.frm
brda030.frm
brda031.frm
brda032.frm
brda033.frm
brda034.frm
brda035.frm
brda036.frm
brda037.frm
brda038.frm
brda039.frm
brda040.frm
brda041.frm
brda042.frm
brda043.frm
brda044.frm
brda045.frm
brda046.frm
brda047.frm
brda048.frm
brda049.frm
brda050.frm
brda051.frm
brda052.frm
brda053.frm
brda054.frm
brda055.frm
brda056.frm
brda057.frm
brda058.frm
brda059.frm
brda060.frm
brda061.frm
brda062.frm
brda063.frm
brda064.frm
brda065.frm
brda066.frm
brda067.frm
brda068.frm
brda069.frm
brda070.frm
brda071.frm
brda072.frm
brda073.frm
brda074.frm
brda075.frm
brda076.frm
brdb000.frm
brdb001.frm
brdb002.frm
brdb003.frm
brdb004.frm
brdb005.frm
brdb006.frm
brdb007.frm
brdb008.frm
brdb009.frm
brdb010.frm
brdb011.frm
brdb012.frm
brdb013.frm
brdb014.frm
brdb015.frm
brdb016.frm
brdb017.frm
brdb018.frm
brdb019.frm
brdb020.frm
brdb021.frm
brdb022.frm
brdb023.frm
brdb024.frm
brdb025.frm
brdb026.frm
brdb027.frm
brdb028.frm
brdb029.frm
brdb030.frm
brdb031.frm
brdb032.frm
brdb033.frm
brdb034.frm
brdb035.frm
brdb036.frm
brdb037.frm
brdb038.frm
brdb039.frm
brdb040.frm
brdb041.frm
brdb042.frm
brdb043.frm
brdb044.frm
brdb045.frm
brdb046.frm
brdb047.frm
brdb048.frm
brdb049.frm
brdb050.frm
brdb051.frm
brdb052.frm
brdb053.frm
brdb054.frm
brdb055.frm
brdb056.frm
brdb057.frm
brdb058.frm
brdb059.frm
head000.frm
head001.frm
head002.frm
head003.frm
head004.frm
head005.frm
head006.frm
head007.frm
head008.frm
head009.frm
head010.frm
head011.frm
head012.frm
head013.frm
head014.frm
head015.frm
head016.frm
head017.frm
geka000.frm
geka001.frm
geka002.frm
geka003.frm
geka004.frm
geka005.frm
geka006.frm
geka007.frm
geka008.frm
geka009.frm
geka010.frm
geka011.frm
geka012.frm
geka013.frm
geka014.frm
geka015.frm
geka016.frm
geka017.frm
geka018.frm
geka019.frm
geka020.frm
geka021.frm
geka022.frm
geka023.frm
geka024.frm
geka025.frm
geka026.frm
geka027.frm
geka028.frm
geka029.frm
geka030.frm
geka031.frm
geka032.frm
geka033.frm
geka034.frm
geka035.frm
geka036.frm
geka037.frm
geka038.frm
geka039.frm
geka040.frm
geka041.frm
geka042.frm
geka043.frm
geka044.frm
geka045.frm
geka046.frm
geka047.frm
geka048.frm
geka049.frm
geka050.frm
geka051.frm
geka052.frm
geka053.frm
geka054.frm
geka055.frm
geka056.frm
geka057.frm
geka058.frm
geka059.frm
geka060.frm
geka061.frm
geka062.frm
geka063.frm
geka064.frm
CARPET01.FRM
CARPET02.FRM
CARPET03.FRM
CARPET04.FRM
CARPET05.FRM
CARPET06.FRM
CARPET07.FRM
CARPET08.FRM
CARPET09.FRM
CARPET10.FRM
CARPET11.FRM
CARPET12.FRM
CARPET13.FRM
CARPET14.FRM
CARPET15.FRM
CARPET16.FRM
CARPET17.FRM
CARPET18.FRM
CARPET19.FRM
CARPET20.FRM
CARPET21.FRM
CARPET22.FRM
CARPET23.FRM
CARPET24.FRM
CARPET25.FRM
CARPET26.FRM
CARPET27.FRM
CARPET28.FRM
CARPET29.FRM
CARPET30.FRM
CARPET31.FRM
CARPET32.FRM
CARPET33.FRM
CARPET34.FRM
CARPET35.FRM
CARPET36.FRM
chur000.frm
chur001.frm
chur002.frm
chur003.frm
chur004.frm
chur005.frm
chur006.frm
chur007.frm
chur008.frm
chur009.frm
chur010.frm
chur011.frm
chur012.frm
chur013.frm
chur014.frm
chur015.frm
chur016.frm
chur017.frm
chur018.frm
chur019.frm
chur020.frm
chur021.frm
chur022.frm
chur023.frm
chur024.frm
chur025.frm
chur026.frm
chur027.frm
chur028.frm
chur029.frm
chur030.frm
chur031.frm
chur032.frm
chur033.frm
chur034.frm
chur035.frm
chur036.frm
chur037.frm
chur038.frm
chur039.frm
chur040.frm
chur041.frm
chur042.frm
chur043.frm
chur044.frm
chur045.frm
chur046.frm
chur047.frm
chur048.frm
chur049.frm
chur050.frm
chur051.frm
chur052.frm
chur053.frm
chur054.frm
chur055.frm
chur056.frm
chur057.frm
chur058.frm
chur059.frm
chur060.frm
chur061.frm
chur062.frm
chur063.frm
chur064.frm
chur065.frm
chur066.frm
chur067.frm
chur068.frm
chur069.frm
chur070.frm
chur071.frm
chur072.frm
chur073.frm
chur074.frm
chur075.frm
chur076.frm
chur077.frm
chur078.frm
chur079.frm
chur080.frm
chur081.frm
chur082.frm
chur083.frm
chur084.frm
chur085.frm
chur086.frm
chur087.frm
chur088.frm
chur089.frm
chur090.frm
chur091.frm
chur092.frm
chur093.frm
chur094.frm
chur095.frm
chur096.frm
chur097.frm
chur098.frm
chur099.frm
gekb000.frm
gekb001.frm
gekb002.frm
gekb003.frm
gekb004.frm
gekb005.frm
gekb006.frm
gekb007.frm
gekb008.frm
gekb009.frm
gekb010.frm
gekb011.frm
gekb012.frm
gekb013.frm
gekb014.frm
gekb015.frm
gekb016.frm
gekb017.frm
gekb018.frm
gekb019.frm
gekb020.frm
gekb021.frm
gekb022.frm
gekb023.frm
gekb024.frm
gekb025.frm
gekb026.frm
gekb027.frm
gekb028.frm
gekb029.frm
gekb030.frm
gekb031.frm
gekb032.frm
gekb033.frm
gekb034.frm
gekb035.frm
gekb036.frm
gekb037.frm
gekb038.frm
gekb039.frm
gekb040.frm
gekb041.frm
gekb042.frm
gekb043.frm
gekb044.frm
gekb045.frm
gekb046.frm
gekb047.frm
gekb048.frm
gekb049.frm
gekb050.frm
gekb051.frm
gekb052.frm
gekb053.frm
gekb054.frm
gekb055.frm
gekb056.frm
gekb057.frm
gekb058.frm
gekb059.frm
gekb060.frm
gekb061.frm
gekb062.frm
gekb063.frm
gekb064.frm
MODA001.FRM
MODA002.FRM
MODA003.FRM
MODA004.FRM
MODA005.FRM
MODA006.FRM
MODA007.FRM
MODA008.FRM
MODA009.FRM
MODA010.FRM
MODA011.FRM
MODA012.FRM
MODA013.FRM
MODA014.FRM
MODA015.FRM
MODA016.FRM
MODA017.FRM
MODA018.FRM
MODA019.FRM
MODA020.FRM
MODA021.FRM
MODA022.FRM
MODA023.FRM
cav4015.FRM
cav4016.FRM
cav4017.FRM
cav4018.FRM
TPLA001.FRM
TPLA002.FRM
TPLA003.FRM
TPLA004.FRM
TPLA005.FRM
TPLA006.FRM
TPLA007.FRM
TPLA008.FRM
TPLA009.FRM
TPLA010.FRM
TPLA011.FRM
TPLA012.FRM
TPLA013.FRM
TPLA014.FRM
TPLA015.FRM
TPLA016.FRM
TPLA017.FRM
TPLA018.FRM
TPLA019.FRM
TPLA020.FRM
TPLA021.FRM
TPLA022.FRM
TPLA023.FRM
TPLA024.FRM
TPLA025.FRM
TPLA026.FRM
TPLA027.FRM
TPLA028.FRM
TPLA029.FRM
TPLA030.FRM
TPLA031.FRM
TPLA032.FRM
TPLA033.FRM
TPLA034.FRM
TPLA035.FRM
TPLA036.FRM
TPLA037.FRM
TPLA038.FRM
TPLA039.FRM
TPLA040.FRM
TPLA041.FRM
TPLA042.FRM
TPLA043.FRM
TPLA044.FRM
TPLA045.FRM
TPLA046.FRM
TPLA047.FRM
TPLA048.FRM
TPLA049.FRM
TPLA050.FRM
TPLA051.FRM
TPLA052.FRM
TPLA053.FRM
TPLA054.FRM
TPLA055.FRM
TPLA056.FRM
TPLA057.FRM
TPLA058.FRM
TPLA059.FRM
TPLA060.FRM
TPLA061.FRM
TPLA062.FRM
TPLA063.FRM
TPLA064.FRM
TPLA065.FRM
TPLA066.FRM
TPLA067.FRM
TPLB001.FRM
TPLB002.FRM
TPLB003.FRM
TPLB004.FRM
TPLB005.FRM
TPLB006.FRM
TPLB007.FRM
TPLB008.FRM
TPLB009.FRM
TPLB010.FRM
TPLB011.FRM
TPLB012.FRM
TPLB013.FRM
TPLB014.FRM
TPLB015.FRM
TPLB016.FRM
TPLB017.FRM
TPLB018.FRM
TPLB019.FRM
TPLB020.FRM
TPLB021.FRM
TPLB022.FRM
TPLB023.FRM
TPLB024.FRM
TPLB025.FRM
TPLB026.FRM
TPLB027.FRM
TPLB028.FRM
TPLB029.FRM
TPLB030.FRM
TPLB031.FRM
TPLB032.FRM
TPLB033.FRM
TPLB034.FRM
TPLB035.FRM
TPLB036.FRM
TPLB037.FRM
TPLB038.FRM
TPLB039.FRM
TPLB040.FRM
TPLB041.FRM
TPLB042.FRM
TPLB043.FRM
TPLB044.FRM
TPLB045.FRM
TPLB046.FRM
TPLB047.FRM
TPLB048.FRM
TPLB049.FRM
TPLB050.FRM
tepflr01.frm
tepflr02.frm
tepflr03.frm
tepflr04.frm
tepflr05.frm
cavb001.frm
cavb002.frm
cavb003.frm
cavb004.frm
cavb005.frm
cavb006.frm
cavb007.frm
cavb008.frm
cavb009.frm
cavb010.frm
cavb011.frm
cavb012.frm
cavb013.frm
cavb014.frm
cavb015.frm
cavb016.frm
cavb017.frm
cavb018.frm
cavb019.frm
BRICK20.FRM
BRICK21.FRM
BRICK22.FRM
BRICK23.FRM
BRICK24.FRM
BRICK25.FRM
BRICK26.FRM
BRICK27.FRM
BRICK28.FRM
BRICK29.FRM
BRICK30.FRM
BRICK31.FRM
BRICK32.FRM
brick33.frm
brick34.frm
TEPFLR06.FRM
TEPFLR07.FRM
TEPFLR08.FRM
TEPFLR09.FRM
TEPFLR10.FRM
TEPFLR11.FRM
TEPFLR12.FRM
TEPFLR13.FRM
TEPFLR14.FRM
TEPFLR15.FRM
TEPFLR16.FRM
TEPFLR17.FRM
TEPFLR18.FRM
grass01.frm
grass02.frm
levl001.frm
levl002.frm
levl003.frm
levl004.frm
levl005.frm
levl006.frm
levl007.frm
levl008.frm
levl009.frm
levl010.frm
levl011.frm
levl012.frm
levl013.frm
levl014.frm
levl015.frm
levl016.frm
levl017.frm
levl018.frm
levl019.frm
levl020.frm
levl021.frm
levl022.frm
levl023.frm
levl024.frm
levl025.frm
levl026.frm
levl027.frm
levl028.frm
levl029.frm
levl030.frm
levl031.frm
levl032.frm
levl033.frm
levl034.frm
levl035.frm
levl036.frm
levl037.frm
levl038.frm
levl039.frm
levl040.frm
levl041.frm
levl042.frm
levl043.frm
levl044.frm
levl045.frm
levl046.frm
levl047.frm
levl048.frm
levl049.frm
levl050.frm
levl051.frm
casa001.frm
casa002.frm
casa003.frm
casa004.frm
casa005.frm
casa006.frm
casa007.frm
casa008.frm
casa009.frm
casa010.frm
casa011.frm
casa012.frm
casa013.frm
casa014.frm
casa015.frm
casa016.frm
casa017.frm
levl052.frm
levl053.frm
levl054.frm
levl055.frm
levl056.frm
levl057.frm
casb001.frm
casb002.frm
casb003.frm
casb004.frm
casb005.frm
casb006.frm
casb007.frm
casb008.frm
casb009.frm
casb010.frm
casb011.frm
casb012.frm
casb013.frm
casb014.frm
casb015.frm
casb016.frm
casb017.frm
casb018.frm
casb019.frm
casb020.frm
casb021.frm
casb022.frm
casb023.frm
casb024.frm
encl01.frm
encl02.frm
encl03.frm
encl04.frm
encl05.frm
encl06.frm
encl07.frm
encl08.frm
encl09.frm
encl10.frm
encl11.frm
salbr01.frm
salbr02.frm
salbr03.frm
salbr04.frm
salbr05.frm
salbr06.frm
salbr07.frm
salbr08.frm
salbr09.frm
salbr10.frm
salbr11.frm
salbr12.frm
salbr13.frm
salbr14.frm
salbr15.frm
salbr16.frm
salbr17.frm
salbr18.frm
salbr19.frm
salbr20.frm
salbr21.frm
salbr22.frm
SHUT001.FRM
SHUT002.FRM
SHUT003.FRM
SHUT004.FRM
SHUT005.FRM
SHUT006.FRM
SHUT007.FRM
SHUT008.FRM
SHUT009.FRM
SHUT010.FRM
SHUT011.FRM
SHUT012.FRM
SHUT013.FRM
SHUT014.FRM
SHUT015.FRM
SHUT016.FRM
SHUT017.FRM
SHUT018.FRM
SHUT019.FRM
SHUT020.FRM
SHUT021.FRM
SHUT022.FRM
SHUT023.FRM
SHUT024.FRM
SHUT025.FRM
SHUT026.FRM
SHUT027.FRM
SHUT028.FRM
SHUT029.FRM
SHUT030.FRM
SHUT031.FRM
SHUT032.FRM
SHUT033.FRM
SHUT034.FRM
SHUT035.FRM
SHUT036.FRM
SHUT037.FRM
SHUT038.FRM
SHUT039.FRM
SHUT040.FRM
SHUT041.FRM
SHUT042.FRM
SHUT043.FRM
SHUT044.FRM
SHUT045.FRM
SHUT046.FRM
SHUT047.FRM
SHUT048.FRM
SHUT049.FRM
SHUT050.FRM
SHUT051.FRM
SHUT052.FRM
SHUT053.FRM
SHUT054.FRM
SHUT055.FRM
SHUT056.FRM
SHUT057.FRM
SHUT058.FRM
SHUT059.FRM
SHUT060.FRM
SHUT061.FRM
SHUT062.FRM
SHUT063.FRM
SHUT064.FRM
SHUT065.FRM
SHUT066.FRM
SHUT067.FRM
SHUT068.FRM
SHUT069.FRM
SHUT070.FRM
SHUT071.FRM
SHUT072.FRM
SHUT073.FRM
SHUT074.FRM
SHUT075.FRM
SHUT076.FRM
SHUT077.FRM
SHUT078.FRM
SHUT079.FRM
SHUT080.FRM
SHUT081.FRM
SHUT082.FRM
SHUT083.FRM
SHUT084.FRM
SHUT085.FRM
SHUT086.FRM
SHUT087.FRM
SHUT088.FRM
SHUT089.FRM
SHUT090.FRM
SHUT091.FRM
SHUT092.FRM
SHUT093.FRM
SHUT094.FRM
SHUT095.FRM
BRICK40.FRM
BRICK41.FRM
BRICK42.FRM
BRICK43.FRM
BRICK44.FRM
BRICK45.FRM
BRICK46.FRM
BRICK47.FRM
BRICK48.FRM
BRICK49.FRM
RUN_01.FRM
RUN_02.FRM
seas001.frm
seas002.frm
seas003.frm
seas004.frm
seas005.frm
seas006.frm
seas007.frm
seas008.frm
seas009.frm
seas010.frm
seas011.frm
seas012.frm
seas013.frm
seas014.frm
seas015.frm
seas016.frm
seas017.frm
seas018.frm
seas019.frm
VCRA001.FRM
VCRA002.FRM
VCRA003.FRM
VCRA004.FRM
VCRA005.FRM
VCRA006.FRM
VCRA007.FRM
VCRA008.FRM
VCRA009.FRM
VCRA010.FRM
VCRA011.FRM
VCRA012.FRM
VCRA013.FRM
VCRA014.FRM
VCRA015.FRM
VCRA016.FRM
VCRA017.FRM
VCRA018.FRM
VCRA019.FRM
VCRA020.FRM
VCRA021.FRM
VCRA022.FRM
VCRA023.FRM
VCRA024.FRM
VCRA025.FRM
VCRA026.FRM
VCRA027.FRM
VCRA028.FRM
VCRA029.FRM
VCRA030.FRM
VCRA031.FRM
VCRA032.FRM
VCRA033.FRM
VCRA034.FRM
VCRA035.FRM
VCRA036.FRM
VCRA037.FRM
VCRA038.FRM
VCRA039.FRM
VCRA040.FRM
VCRA041.FRM
VCRA042.FRM
VCRA043.FRM
VCRA044.FRM
VCRA045.FRM
VCRA046.FRM
VCRA047.FRM
VCRA048.FRM
VCRA049.FRM
VCRA050.FRM
VCRA051.FRM
VCRA052.FRM
VCRA053.FRM
VCRA054.FRM
VCRA055.FRM
VCRA056.FRM
VCRA057.FRM
VCRA058.FRM
VCRA059.FRM
VCRA060.FRM
VCRA061.FRM
VCRB001.FRM
VCRB002.FRM
VCRB003.FRM
VCRB004.FRM
VCRB005.FRM
VCRB006.FRM
VCRB007.FRM
VCRB008.FRM
VCRB009.FRM
VCRB010.FRM
VCRB011.FRM
VCRB012.FRM
VCRB013.FRM
VCRB014.FRM
VCRB015.FRM
VCRB016.FRM
VCRB017.FRM
VCRB018.FRM
VCRB019.FRM
VCRB020.FRM
VCRB021.FRM
VCRB022.FRM
VCRB023.FRM
VCRB024.FRM
VCRB025.FRM
VCRB026.FRM
VCRB027.FRM
VCRB028.FRM
VCRB029.FRM
VCRB030.FRM
VCRB031.FRM
VCRB032.FRM
VCRB033.FRM
VCRB034.FRM
VCRB035.FRM
VCRB036.FRM
VCRB037.FRM
VCRB038.FRM
VCRB039.FRM
VCRB040.FRM
VCRB041.FRM
VCRB042.FRM
VCRB043.FRM
VCRB044.FRM
VCRB045.FRM
VCRB046.FRM
VCRB047.FRM
VCRB048.FRM
VCRB049.FRM
VCRB050.FRM
VCRB051.FRM
VCRB052.FRM
VCRC001.FRM
VCRC002.FRM
VCRC003.FRM
VCRC004.FRM
VCRC005.FRM
VCRC006.FRM
VCRC007.FRM
VCRC008.FRM
VCRC009.FRM
VCRC010.FRM
VCRC011.FRM
VCRC012.FRM
VCRC013.FRM
VCRC014.FRM
VCRC015.FRM
VCRC016.FRM
VCRC017.FRM
VCRC018.FRM
VCRC019.FRM
VCRC020.FRM
VCRC021.FRM
VCRC022.FRM
VCRC023.FRM
VCRC024.FRM
VCRC025.FRM
VCRC026.FRM
VCRC027.FRM
VCRC028.FRM
VCRC029.FRM
VCRC030.FRM
VCRC031.FRM
VCRC032.FRM
VCRC033.FRM
VCRC034.FRM
VCRC035.FRM
VCRC036.FRM
VCRC037.FRM
VCRC038.FRM
VCRC039.FRM
VCRC040.FRM
VCRC041.FRM
VCRC042.FRM
VCRC043.FRM
VCRC044.FRM
VCRC045.FRM
VCRC046.FRM
VCRC047.FRM
VCRC048.FRM
VCRC049.FRM
VCRC050.FRM
VCRC051.FRM
VCRC052.FRM
VCRC053.FRM
VCRC054.FRM
VCRC055.FRM
VCRD001.FRM
VCRD002.FRM
VCRD003.FRM
VCRD004.FRM
VCRD005.FRM
VCRD006.FRM
VCRD007.FRM
VCRD008.FRM
VCRD009.FRM
VCRD010.FRM
VCRD011.FRM
VCRD012.FRM
VCRD013.FRM
VCRD014.FRM
VCRD015.FRM
VCRD016.FRM
VCRD017.FRM
VCRD018.FRM
VCRD019.FRM
VCRD020.FRM
VCRD021.FRM
VCRD022.FRM
VCRD023.FRM
VCRD024.FRM
VCRD025.FRM
VCRD026.FRM
VCRD027.FRM
VCRD028.FRM
VCRD029.FRM
VCRD030.FRM
VCRD031.FRM
VCRD032.FRM
VCRD033.FRM
VCRD034.FRM
VCRD035.FRM
VCRD036.FRM
VCRD037.FRM
VCRD038.FRM
VCRD039.FRM
VCRD040.FRM
VCRD041.FRM
VCRD042.FRM
VCRD043.FRM
VCRD044.FRM
VCRD045.FRM
VCRD046.FRM
VCRD047.FRM
VCRD048.FRM
shipflr1.frm
vrof001.frm
vrof002.frm
vrof003.frm
vrof004.frm
vrof005.frm
vrof006.frm
vrof007.frm
vrof008.frm
vrof009.frm
vrof010.frm
vrof011.frm
vrof012.frm
vrof013.frm
vrof014.frm
vrof015.frm
vrof016.frm
vrof017.frm
vrof018.frm
vrof019.frm
vrof020.frm
vrof021.frm
vrof022.frm
vrof023.frm
vrof024.frm
vrof025.frm
vrof026.frm
vrof027.frm
vrof028.frm
vrof029.frm
vrof030.frm
vrof031.frm
vrof032.frm
vrof033.frm
vrof034.frm
vrof035.frm
vrof036.frm
vrof037.frm
vrof038.frm
vrof039.frm
vrof040.frm
vrof041.frm
vrof042.frm
vrof043.frm
ROOFCNR.FRM
NAVA001.FRM
NAVA002.FRM
NAVA003.FRM
NAVA004.FRM
NAVA005.FRM
NAVA006.FRM
NAVA007.FRM
NAVA008.FRM
NAVA009.FRM
NAVA010.FRM
NAVA011.FRM
NAVA012.FRM
NAVA013.FRM
NAVA014.FRM
NAVA015.FRM
NAVA016.FRM
NAVA017.FRM
NAVA018.FRM
NAVA019.FRM
NAVA020.FRM
NAVA021.FRM
NAVA022.FRM
NAVA023.FRM
NAVA024.FRM
NAVA025.FRM
NAVA026.FRM
NAVA027.FRM
NAVA028.FRM
NAVA029.FRM
NAVA030.FRM
NAVA031.FRM
NAVA032.FRM
NAVA033.FRM
NAVA034.FRM
NAVA035.FRM
NAVA036.FRM
NAVA037.FRM
NAVA038.FRM
NAVA039.FRM
NAVA040.FRM
NAVA041.FRM
NAVA042.FRM
NAVA043.FRM
NAVA044.FRM
NAVA045.FRM
NAVA046.FRM
NAVA047.FRM
NAVA048.FRM
NAVA049.FRM
NAVA050.FRM
NAVA051.FRM
NAVA052.FRM
NAVA053.FRM
NAVA054.FRM
NAVA055.FRM
NAVA056.FRM
NAVA057.FRM
NAVA058.FRM
NAVA059.FRM
NAVA060.FRM
NAVA061.FRM
NAVA062.FRM
NAVA063.FRM
NAVA064.FRM
NAVA065.FRM
NAVA066.FRM
NAVA067.FRM
NAVA068.FRM
NAVA069.FRM
NAVA070.FRM
NAVA071.FRM
NAVA072.FRM
NAVA073.FRM
NAVA074.FRM
NAVA075.FRM
NAVA076.FRM
NAVA077.FRM
NAVA078.FRM
NAVA079.FRM
NAVA080.FRM
NAVA081.FRM
NAVA082.FRM
NAVA083.FRM
NAVA084.FRM
NAVA085.FRM
NAVA086.FRM
NAVA087.FRM
NAVA088.FRM
NAVA089.FRM
NAVA090.FRM
NAVA091.FRM
NAVA092.FRM
NAVA093.FRM
NAVA094.FRM
NAVA095.FRM
NAVA096.FRM
NAVA097.FRM
NAVA098.FRM
NAVA099.FRM
NAVA100.FRM
NAVA101.FRM
NAVA102.FRM
NAVA103.FRM
NAVA104.FRM
NAVA105.FRM
NAVA106.FRM
NAVA107.FRM
NAVA108.FRM
NAVA109.FRM
NAVA110.FRM
NAVA111.FRM
NAVA112.FRM
NAVA113.FRM
NAVA114.FRM
NAVA115.FRM
NAVA116.FRM
NAVA117.FRM
NAVA118.FRM
NAVA119.FRM
NAVA120.FRM
NAVA121.FRM
NAVA122.FRM
NAVA123.FRM
NAVA124.FRM
NAVA125.FRM
nava126.frm
NAVB001.FRM
NAVB002.FRM
NAVB003.FRM
NAVB004.FRM
NAVB005.FRM
NAVB006.FRM
NAVB007.FRM
NAVB008.FRM
NAVB009.FRM
NAVB010.FRM
NAVB011.FRM
NAVB012.FRM
NAVB013.FRM
NAVB014.FRM
NAVB015.FRM
NAVB016.FRM
NAVB017.FRM
NAVB018.FRM
NAVB019.FRM
NAVB020.FRM
NAVB021.FRM
NAVB022.FRM
NAVB023.FRM
NAVB024.FRM
NAVB025.FRM
NAVB026.FRM
NAVB027.FRM
NAVB028.FRM
NAVB029.FRM
NAVB030.FRM
NAVB031.FRM
NAVB032.FRM
NAVB033.FRM
NAVB034.FRM
NAVB035.FRM
NAVB036.FRM
NAVB037.FRM
NAVB038.FRM
NAVB039.FRM
NAVB040.FRM
NAVB041.FRM
NAVB042.FRM
NAVB043.FRM
NAVB044.FRM
NAVB045.FRM
NAVB046.FRM
NAVB047.FRM
NAVB048.FRM
NAVB049.FRM
NAVB050.FRM
NAVB051.FRM
NAVB052.FRM
NAVB053.FRM
NAVB054.FRM
NAVB055.FRM
NAVB056.FRM
navb057.frm
NAVC001.FRM
NAVC002.FRM
NAVC003.FRM
NAVC004.FRM
NAVC005.FRM
NAVC006.FRM
NAVC007.FRM
NAVC008.FRM
NAVC009.FRM
NAVC010.FRM
NAVC011.FRM
NAVC012.FRM
NAVC013.FRM
NAVC014.FRM
NAVC015.FRM
NAVC016.FRM
NAVC017.FRM
NAVC018.FRM
navc019.frm
NAVD001.FRM
NAVD002.FRM
NAVD003.FRM
NAVD004.FRM
NAVD005.FRM
NAVD006.FRM
NAVD007.FRM
NAVD008.FRM
NAVD009.FRM
NAVD010.FRM
NAVD011.FRM
NAVD012.FRM
NAVD013.FRM
NAVD014.FRM
NAVD015.FRM
NAVD016.FRM
NAVD017.FRM
NAVD018.FRM
NAVD019.FRM
NAVD020.FRM
NAVD021.FRM
NAVD022.FRM
NAVD023.FRM
NAVD024.FRM
NAVD025.FRM
NAVD026.FRM
NAVD027.FRM
NAVD028.FRM
NAVD029.FRM
NAVD030.FRM
NAVD031.FRM
NAVD032.FRM
NAVD033.FRM
NAVD034.FRM
NAVD035.FRM
NAVD036.FRM
NAVD037.FRM
NAVD038.FRM
NAVD039.FRM
NAVD040.FRM
NAVD041.FRM
navd042.frm
navd043.frm
enfl001.frm
enfl002.frm
enfl003.frm
enfl004.frm
enfl005.frm
enfl006.frm
enfl007.frm
enfl008.frm
enfl009.frm
enfl010.frm
enfl011.frm
enfl012.frm
enfl013.frm
enfl014.frm
enfl015.frm
enfl016.frm
enfl017.frm
enfl018.frm
enfl019.frm
enfl020.frm
enfl021.frm
enfl022.frm
enfl023.frm
enfl024.frm
enfl025.frm
enfl026.frm
enfl027.frm
enfl028.frm
enfl029.frm
enfl030.frm
enfl031.frm
enfl032.frm
enfl033.frm
enfl034.frm
enfl035.frm
enfl036.frm
enfl037.frm
enfl038.frm
enfl039.frm
enfl040.frm
enfl041.frm
enfl042.frm
enfl043.frm
enfl044.frm
enfl045.frm
enfl046.frm
enfl047.frm
enfl048.frm
BLD3000.FRM
BLD3001.FRM
BLD3002.FRM
BLD3003.FRM
BLD3004.FRM
BLD3005.FRM
BLD3006.FRM
BLD3007.FRM
BLD3008.FRM
BLD3009.FRM
BLD3010.FRM
BLD3011.FRM
BLD3012.FRM
BLD3013.FRM
BLD3014.FRM
BLD3015.FRM
BLD3016.FRM
BLD3017.FRM
BLD3018.FRM
BLD3019.FRM
BLD3020.FRM
BLD3021.FRM
BLD3022.FRM
BLD3023.FRM
BLD3024.FRM
BLD3025.FRM
BLD3026.FRM
BLD3027.FRM
BLD3028.FRM
BLD3029.FRM
BLD3030.FRM
BLD3031.FRM
BLD3032.FRM
BLD3033.FRM
BLD3034.FRM
BLD3035.FRM
BLD3036.FRM
BLD3037.FRM
BLD3038.FRM
BLD3039.FRM
BLD3040.FRM
BLD3041.FRM
BLD3042.FRM
BLD3043.FRM
BLD3044.FRM
BLD3045.FRM
BLD3046.FRM
BLD3047.FRM
BLD3048.FRM
BLD3049.FRM
BLD3050.FRM
BLD3051.FRM
BLD3052.FRM
BLD3053.FRM
BLD3054.FRM
BLD3055.FRM
BLD3056.FRM
BLD3057.FRM
BLD3058.FRM
BLD3059.FRM
BLD3060.FRM
BLD3061.FRM
BLD3062.FRM
BLD3063.FRM
BLD3064.FRM
BLD3065.FRM
BLD3066.FRM
BLD3067.FRM
BLD3068.FRM
BLD3069.FRM
BLD3070.FRM
BLD3071.FRM
BLD3072.FRM
BLD3073.FRM
BLD3074.FRM
BLD3075.FRM
BLD3076.FRM
BLD3077.FRM
BLD3078.FRM
BLD3079.FRM
BLD3080.FRM
BLD3081.FRM
BLD3082.FRM
BLD3083.FRM
BLD3084.FRM
BLD3085.FRM
BLD3086.FRM
BLD3087.FRM
BLD3088.FRM
BLD3089.FRM
BLD3090.FRM
BLD3091.FRM
BLD3092.FRM
BLD3093.FRM
BLD3094.FRM
BLD3095.FRM
BLD3096.FRM
BLD3097.FRM
BLD3098.FRM
BLD3099.FRM
BLD3100.FRM
BLD3101.FRM
BLD3102.FRM
BLD3103.FRM
BLD3104.FRM
BLD3105.FRM
BLD3106.FRM
BLD3107.FRM
BLD4000.FRM
BLD4001.FRM
BLD4002.FRM
BLD4003.FRM
BLD4004.FRM
BLD4005.FRM
BLD4006.FRM
BLD4007.FRM
BLD4008.FRM
BLD4009.FRM
BLD4010.FRM
BLD4011.FRM
BLD4012.FRM
BLD4013.FRM
BLD4014.FRM
BLD4015.FRM
BLD4016.FRM
BLD4017.FRM
BLD4018.FRM
BLD4019.FRM
BLD4020.FRM
BLD4021.FRM
BLD4022.FRM
BLD4023.FRM
BLD4024.FRM
BLD4025.FRM
BLD4026.FRM
BLD4027.FRM
BLD4028.FRM
BLD4029.FRM
BLD4030.FRM
BLD4031.FRM
BLD4032.FRM
BLD4033.FRM
BLD4034.FRM
BLD4035.FRM
BLD4036.FRM
BLD4037.FRM
BLD4038.FRM
BLD4039.FRM
BLD4040.FRM
BLD4041.FRM
BLD4042.FRM
BLD4043.FRM
CAV5000.FRM
CAV5001.FRM
CAV5002.FRM
CAV5003.FRM
CAV5004.FRM
CAV5005.FRM
CAV5006.FRM
CAV5007.FRM
CAV5008.FRM
CAV5009.FRM
CAV6000.FRM
CAV6001.FRM
CAV6002.FRM
CAV6003.FRM
CAV7000.FRM
CAV7001.FRM
CAV7002.FRM
CAV7003.FRM
CAV7004.FRM
CAV7005.FRM
CAV8000.FRM
CAV8001.FRM
CAV8002.FRM
CAV8003.FRM
CAV8004.FRM
CAV8005.FRM
CAV8006.FRM
CAV8007.FRM
CAV8008.FRM
CAV8009.FRM
CAV8010.FRM
CAV8011.FRM
CAV8012.FRM
CAV8013.FRM
CAV8014.FRM
CAVROF10.FRM
CAVROF11.FRM
CAVROF12.FRM
CAVROF13.FRM
CAVROF14.FRM
CAVROF15.FRM
CAVROF16.FRM
CAVROF17.FRM
mnt_01.FRM
mnt_02.FRM
mnt_03.FRM
mnt_04x.FRM
mnt_05.FRM
mnt_06.FRM
mnt_07.FRM
mnt_08.FRM
mnt_09.FRM
mnt_10.FRM
mnt_11.FRM
mnt_12x.FRM
mnt_13.FRM
mnt_14.FRM
mnt_15.FRM
mnt_16.FRM
mnt_17.FRM
mnt_18x.FRM
mnt_19.FRM
mnt_20x.FRM
mnt_21.FRM
mnt_22.FRM
mnt_23x.FRM
mnt_24.FRM
mnt_25.FRM
mnt_26x.FRM
mnt_27.FRM
mnt_28.FRM
mnt_29x.FRM
mnt_30.FRM
mnt_31.FRM
mnt_32x.FRM
