reserv
hapowr,1
harobe,11
hfcmbt,11
hfjmps,11
hflthr,11
hfmaxx,11
hfmetl,11
hmbjmp,11
hmbmet,11
hmcmbt,11
hmjmps,11
hmlthr,11
hmmaxx,11
hmmetl,11
mabrom,15
maddog,16
mahand,17
malieu,18
mamrat,19
mamtn2,21
mamtnt,21
mascrp,22
masphn,23
masrat,24
mathng,25
nablue,11
nachld,27
naghul,11
naglow,11
napowr,1
narobe,11
reserv
nfbrlp,11
nfmaxx,11
nfmetl,11
nfpeas,11
nftrmp,11
nfvred,11
nmbpea,11
nmbrlp,11
nmbsnp,11
nmgrch,27
nmlosr,11
nmlthr,11
nmmaxx,11
nmover,46
nmovr2,11
nmpeas,11
nmgzmo,49
mamstr,50
maclaw,51
mamant,52
marobo,53
mafeye,54
mamurt,55
nabrwn,11
nmdocc,11
madegg,58
mascp2,59
maclw2,60
hmianj,11
hmtycl,11
mamtn3,21
reserv
nawhit,11
hmianm,11
hmianl,11
hmtycj,11
hmtycm,11
hmtycc,11
hmtycp,1
nfchld,27
hmianc,11
hmianp,1
hmianr,11
hmtycr,11
reserv,11
reserv,11
reserv,11
reserv,11
reserv,1
reserv,11
madogm,16
hmbroh,11
hfbroh,11
hfprim,11,1
hanpwr,21,1
hmlhlr,11,1
HMLHMT,11,1
HMMAXB,11,1
NMCAMA,11,1
NFPGLA,11,1
NFPGMT,11,1
macybr,16,1
reserv
nmnice,11
nfnice,11,1
nfvalt,11
mabran,19
nmbonc,11
nmbrsr,21
navgul,11,1
malien,80
mafire,68,1
nmasia,11,1
nflynn,11,1
maboss,85
maquen,86
nmcopp,11
nmmyrn,11,1
nmlabb,11,1
magun2,90
nmfatt,11,1
nmrgng,11,1
nmgang,11,1
nfasia,11
nmmexi,11,1
nmboxx,11
maantt,97
nmoldd,11
marobe,99
madeth,100
magunn,101
mabos2,102
