reserved.frm
mtlarmor.frm
uzi.frm
ltharmor.frm
pistol.frm
sledge.frm
minigun.frm
rlaunch.frm 
rshell.frm
club.frm
flamethr.frm
grifle.frm
knife.frm
spear.frm
plasma.frm
pwrarmor.frm
cbtarmor.frm
rock.frm
magnum.frm
crowbar.frm
brsknkls.frm
lasergun.frm
smgpstle.frm
hrifle.frm
glock.frm
grenadeo.frm
grenadep.frm
grenadeq.frm
shell2.frm
stimpak.frm
10mmap.frm
10mmjhp.frm
14mmap.frm
44fmj.frm
44jhp.frm
223fmj.frm
ccells.frm
dcells.frm
5mmap.frm
5mmjhp.frm
cap2.frm
minilazr.frm
1staid.frm  
drg_rad2.frm
drug_bot.frm
dxboost2.frm
dynamit.frm 
geiger4.frm 
iv.frm      
stlthboy.frm
iceches.frm 
bagc.frm    
bcase2a.frm 
bug.frm     
cutter.frm  
deans.frm   
docbag7.frm 
elecpic.frm 
elvis.frm   
flare.frm   
frst_bk.frm 
fruit.frm   
iguana.frm  
key.frm     
keys.frm    
knife.frm   
lockpic2.frm
motion.frm  
motor.frm   
pack2c.frm  
plastic.frm 
scout.frm   
syring2.frm 
tag.frm     
tank.frm    
tape3.frm   
watch3.frm  
maxinv.frm 
knife2.frm  
passkey1.frm
passkey2.frm
pump2.frm
locket.frm  
radio3.frm  
water.frm   
zip1.frm
g&a.frm     
iguan2.frm  
science.frm 
tape_ply.frm
scorp.frm
ssshells.frm
lastdrug.frm
bottle.frm  
nukey.frm   
shotgun6.frm
oknife.frm
trophy.frm
robeinv.frm
thand.frm
ssledge2.frm
flower.frm  
vblade.frm  
lrifle.frm
jewel.frm   
ufogun.frm  
bullet.frm
gizgun1.frm
psynull.frm 
flask.frm   
rope.frm    
accard.frm  
bbadge.frm  
rbadge.frm  
sniper.frm  
stimx.frm   
bbs.frm     
beer.frm    
mola.frm    
rrbase.frm  
rrspec.frm  
schlager.frm
dynon.frm   
flareon.frm 
geigon.frm  
motionon.frm
plastion.frm
stlthon.frm 
tandi1.frm  
cprod3.frm  
lpass.frm   
toggle.frm  
passkey3.frm
beny.frm    
cat.frm     
chef.frm    
dinner.frm  
natr.frm    
bag.frm
motivatr.frm
brsnuck.frm 
gaunt.frm   
knife3.frm  
plas2.frm   
comba2a.frm 
tesla.frm
decker.frm  
assshot.frm 
reserved.frm
reserved.frm
reserved.frm
reserved.frm
reserved.frm
reserved.frm
reserved.frm
reserved.frm
reserved.frm
reserved.frm
reserved.frm
reserved.frm
reserved.frm
reserved.frm
reserved.frm
reserved.frm
reserved.frm
reserved.frm
reserved.frm
reserved.frm
reserved.frm
reserved.frm
reserved.frm
reserved.frm
reserved.frm
reserved.frm
reserved.frm
reserved.frm
reserved.frm
reserved.frm
reserved.frm
reserved.frm
reserved.frm
reserved.frm
reserved.frm
reserved.frm
reserved.frm
reserved.frm
reserved.frm
reserved.frm
reserved.frm
reserved.frm
reserved.frm
reserved.frm
reserved.frm
reserved.frm
reserved.frm
reserved.frm
reserved.frm
reserved.frm
reserved.frm
reserved.frm
reserved.frm
reserved.frm
reserved.frm
reserved.frm
reserved.frm
reserved.frm
reserved.frm
reserved.frm
reserved.frm
reserved.frm
reserved.frm
reserved.frm
reserved.frm
reserved.frm
reserved.frm
reserved.frm
reserved.frm
reserved.frm
reserved.frm
reserved.frm
reserved.frm
reserved.frm
reserved.frm
reserved.frm
reserved.frm
reserved.frm
reserved.frm
reserved.frm
reserved.frm
reserved.frm
reserved.frm
reserved.frm
reserved.frm
reserved.frm
reserved.frm
reserved.frm
reserved.frm
reserved.frm
reserved.frm
reserved.frm
reserved.frm
reserved.frm
reserved.frm
reserved.frm
reserved.frm
reserved.frm
reserved.frm
reserved.frm
reserved.frm
reserved.frm
reserved.frm
reserved.frm
reserved.frm
reserved.frm
reserved.frm
reserved.frm
reserved.frm
reserved.frm
reserved.frm
reserved.frm
reserved.frm
reserved.frm
reserved.frm
reserved.frm
reserved.frm
reserved.frm
reserved.frm
reserved.frm
reserved.frm
reserved.frm
reserved.frm
reserved.frm
reserved.frm
reserved.frm
reserved.frm
reserved.frm
reserved.frm
reserved.frm
reserved.frm
reserved.frm
reserved.frm
reserved.frm
reserved.frm
reserved.frm
reserved.frm
reserved.frm
reserved.frm
reserved.frm
reserved.frm
reserved.frm
reserved.frm
reserved.frm
reserved.frm
reserved.frm
reserved.frm
reserved.frm
reserved.frm
reserved.frm
reserved.frm
reserved.frm
reserved.frm
reserved.frm
reserved.frm
reserved.frm
reserved.frm
reserved.frm
reserved.frm
reserved.frm
reserved.frm
reserved.frm
reserved.frm
reserved.frm
reserved.frm
reserved.frm
reserved.frm
reserved.frm
reserved.frm
reserved.frm
reserved.frm
reserved.frm
reserved.frm
reserved.frm
reserved.frm
reserved.frm
reserved.frm
reserved.frm
reserved.frm
reserved.frm
reserved.frm
reserved.frm
reserved.frm
reserved.frm
reserved.frm
reserved.frm
reserved.frm
reserved.frm
reserved.frm
reserved.frm
reserved.frm
reserved.frm
reserved.frm
reserved.frm
reserved.frm
reserved.frm
reserved.frm
reserved.frm
reserved.frm
reserved.frm
reserved.frm
reserved.frm
reserved.frm
reserved.frm
reserved.frm
reserved.frm
reserved.frm
reserved.frm
reserved.frm
reserved.frm
reserved.frm
reserved.frm
reserved.frm
reserved.frm
reserved.frm
reserved.frm
reserved.frm
reserved.frm
reserved.frm
