reserv
hapowr,21,1
harobe,11,1
hfcmbt,11,1
hfjmps,11,1
hflthr,11,1
hfmaxx,11,1
hfmetl,11,1
hmbjmp,11
hmbmet,11
hmcmbt,11,1
hmjmps,11,1
hmlthr,11,1
hmmaxx,11,1
hmmetl,11,1
mabrom,15
maddog,16,1
mahand,17
malieu,18
mamrat,19
mamtn2,21
mamtnt,21
mascrp,22
masphn,23
masrat,24
mathng,25
nablue,11,1
nachld,27,1
naghul,11
naglow,11
napowr,21,1
narobe,11
reserv,11
nfbrlp,11
nfmaxx,11,1
nfmetl,11,1
nfpeas,11,1
nftrmp,11
nfvred,11
nmbpea,11,1
nmbrlp,11
nmbsnp,11
nmgrch,27
nmlosr,11
nmlthr,11,1
nmmaxx,11,1
nmover,46
nmovr2,11
nmpeas,11
nmgzmo,49
mamstr,50
maclaw,51
mamant,52
marobo,53,1
mafeye,54
mamurt,55
nabrwn,11,1
nmdocc,11,1
madegg,58
mascp2,59
maclw2,60
hmianj,11,1
hmtycl,11,1
mamtn3,21
hasrob,11,1
nawhit,11,1
hmianm,11,1
hmianl,11,1
hmtycj,11,1
hmtycm,11,1
hmtycc,11,1
hmtycp,1,1
nfchld,27,1
hmianc,11,1
hmianp,1,1
hmianr,11,1
hmtycr,11,1
hfkatj,11,1
hfkatl,11,1
hfkatm,11,1
hfkatc,11,1
hfkatp,1,1
hfkatr,11,1
madogm,16
hmbroh,11,1
hfbroh,11,1
hfprim,11,1
hmwarr,11,1
nfprim,11,1
nmwarr,11,1
maplnt,65
marobt,66
magko2,67,1
magcko,68,1
nmvalt,11,1
macybr,16,1
hanpwr,21,1
nmnice,11
nfnice,11,1
nfvalt,11
macybr,16,1
mabran,19
nmbonc,11
nmbrsr,21
navgul,11,1
malien,80
mafire,68,1
nmasia,11,1
nflynn,11,1
nawhit,11,1
maboss,85
maquen,86
nmcopp,11
nmmyrn,11,1
nmlabb,11,1
magun2,90
nmfatt,11,1
nmrgng,11,1
nmgang,11,1
nfasia,11
nmmexi,11,1
nmboxx,11
maantt,97
nmoldd,11
marobe,99
madeth,100
magunn,101
mabos2,102
nfchld,27,1
