reserv
hapowr,21
harobe,11
hfcmbt,11
hfjmps,11
hflthr,11
hfmaxx,11
hfmetl,11
hmbjmp,11
hmbmet,11
hmcmbt,11
hmjmps,11
hmlthr,11
hmmaxx,11
hmmetl,11
mabrom,15
maddog,16,1
mahand,17
malieu,18
mamrat,19
mamtn2,21
mamtnt,21
mascrp,22
masphn,23
masrat,24
mathng,25
nablue,11
nachld,27
naghul,11
naglow,11
napowr,11
narobe,11
reserv
nfbrlp,11
nfmaxx,11
nfmetl,11
nfpeas,11
nftrmp,11
nfvred,11
nmbpea,11
nmbrlp,11
nmbsnp,11
nmgrch,27
nmlosr,11
nmlthr,11,1
nmmaxx,11,1
nmover,46
nmovr2,11
nmpeas,11
nmgzmo,49
mamstr,50
maclaw,51
mamant,52
marobo,53
mafeye,54
mamurt,55
nabrwn,11
nmdocc,11
madegg,58
mascp2,59
maclw2,60
hmianj,11
hmtycl,11
mamtn3,21
nmwarr,11,1
maplnt,65
marobt,66
magko2,67,1
magcko,68,1
hmtycm,11
hmtycc,11
hmtycp,1
nfchld,27
hmianc,11
hmianp,1
hmianr,11
hmtycr,11
nmbonc,11
nmbrsr,21
navgul,11,1
malien,80
mafire,68,1
nmasia,11,1
madogm,16,1
nawhit,11
hfbroh,11
hfprim,11,1
hanpwr,21,1
hmlhlr,11,1
HMLHMT,11,1
HMMAXB,11,1
NMCAMA,11,1
NFPGLA,11,1
NFPGMT,11,1
macybr,16,1
nmmexi,11,1
nmnice,11
maantt,97
nfvalt,11
mabran,19
madeth,100
magunn,101
mabos2,102
mawasp,103,1
haenro,11,1
hasrob,11
nflynn,11,1
maboss,107
maquen,108
nmcopp,11
nmmyrn,11,1
nmlabb,11,1
magun2,112
nmfatt,11,1
nmrgng,11,1
nmgang,11,1
nfasia,11
reserv
nfnice,11,1
nmoldd,11
marobe,121
nfprim,11,1
nfpjmp,11
nmbjmp,11
nmljmp,11
nmbgry,11,1
nmlgry,11,1
hfcmbl,11
hmcmbl,11
mardog,16,1
hmwarr,11,1
HMLHMX,11
HMBMAX,11
HMBLTR,11
HMMET2,11
HMCMB2,11
HMCMB3,11
HAROBB,11
nmmetl,11
hmglcm,11
